Component: ARM Compiler 5.06 update 6 (build 750) Tool: armlink [4d35ed]

==============================================================================

Section Cross References

    startup_stm32f103xb.o(RESET) refers to startup_stm32f103xb.o(STACK) for __initial_sp
    startup_stm32f103xb.o(RESET) refers to startup_stm32f103xb.o(.text) for Reset_Handler
    startup_stm32f103xb.o(RESET) refers to stm32f1xx_it.o(i.NMI_Handler) for NMI_Handler
    startup_stm32f103xb.o(RESET) refers to stm32f1xx_it.o(i.HardFault_Handler) for HardFault_Handler
    startup_stm32f103xb.o(RESET) refers to stm32f1xx_it.o(i.MemManage_Handler) for MemManage_Handler
    startup_stm32f103xb.o(RESET) refers to stm32f1xx_it.o(i.BusFault_Handler) for BusFault_Handler
    startup_stm32f103xb.o(RESET) refers to stm32f1xx_it.o(i.UsageFault_Handler) for UsageFault_Handler
    startup_stm32f103xb.o(RESET) refers to stm32f1xx_it.o(i.SVC_Handler) for SVC_Handler
    startup_stm32f103xb.o(RESET) refers to stm32f1xx_it.o(i.DebugMon_Handler) for DebugMon_Handler
    startup_stm32f103xb.o(RESET) refers to stm32f1xx_it.o(i.PendSV_Handler) for PendSV_Handler
    startup_stm32f103xb.o(RESET) refers to stm32f1xx_it.o(i.SysTick_Handler) for SysTick_Handler
    startup_stm32f103xb.o(RESET) refers to stm32f1xx_it.o(i.DMA1_Channel2_IRQHandler) for DMA1_Channel2_IRQHandler
    startup_stm32f103xb.o(RESET) refers to stm32f1xx_it.o(i.DMA1_Channel3_IRQHandler) for DMA1_Channel3_IRQHandler
    startup_stm32f103xb.o(RESET) refers to stm32f1xx_it.o(i.DMA1_Channel4_IRQHandler) for DMA1_Channel4_IRQHandler
    startup_stm32f103xb.o(RESET) refers to stm32f1xx_it.o(i.DMA1_Channel5_IRQHandler) for DMA1_Channel5_IRQHandler
    startup_stm32f103xb.o(RESET) refers to stm32f1xx_it.o(i.DMA1_Channel6_IRQHandler) for DMA1_Channel6_IRQHandler
    startup_stm32f103xb.o(RESET) refers to stm32f1xx_it.o(i.DMA1_Channel7_IRQHandler) for DMA1_Channel7_IRQHandler
    startup_stm32f103xb.o(RESET) refers to stm32f1xx_it.o(i.TIM3_IRQHandler) for TIM3_IRQHandler
    startup_stm32f103xb.o(RESET) refers to stm32f1xx_it.o(i.TIM4_IRQHandler) for TIM4_IRQHandler
    startup_stm32f103xb.o(RESET) refers to stm32f1xx_it.o(i.USART1_IRQHandler) for USART1_IRQHandler
    startup_stm32f103xb.o(RESET) refers to stm32f1xx_it.o(i.USART2_IRQHandler) for USART2_IRQHandler
    startup_stm32f103xb.o(RESET) refers to stm32f1xx_it.o(i.USART3_IRQHandler) for USART3_IRQHandler
    startup_stm32f103xb.o(.text) refers to system_stm32f1xx.o(i.SystemInit) for SystemInit
    startup_stm32f103xb.o(.text) refers to entry.o(.ARM.Collect$$$$00000000) for __main
    main.o(i.AnalyzeInstruction) refers to main.o(i.AnalyzeInstruction_USART3) for AnalyzeInstruction_USART3
    main.o(i.AnalyzeInstruction) refers to main.o(i.AnalyzeInstruction_MatrixKey) for AnalyzeInstruction_MatrixKey
    main.o(i.AnalyzeInstruction) refers to main.o(i.AnalyzeInstruction_USART1) for AnalyzeInstruction_USART1
    main.o(i.AnalyzeInstruction_MatrixKey) refers to strtok.o(.text) for strtok
    main.o(i.AnalyzeInstruction_MatrixKey) refers to printf3.o(i.__0sprintf$3) for __2sprintf
    main.o(i.AnalyzeInstruction_MatrixKey) refers to atoi.o(.text) for atoi
    main.o(i.AnalyzeInstruction_MatrixKey) refers to main.o(i.CalPitchAngle) for CalPitchAngle
    main.o(i.AnalyzeInstruction_MatrixKey) refers to main.o(.data) for .data
    main.o(i.AnalyzeInstruction_USART1) refers to stm32f1xx_hal_gpio.o(i.HAL_GPIO_WritePin) for HAL_GPIO_WritePin
    main.o(i.AnalyzeInstruction_USART1) refers to stm32f1xx_hal.o(i.HAL_Delay) for HAL_Delay
    main.o(i.AnalyzeInstruction_USART1) refers to bsp_laserdistance.o(i.Get_Distance) for Get_Distance
    main.o(i.AnalyzeInstruction_USART1) refers to main.o(i.AnalyzeInstruction_MatrixKey) for AnalyzeInstruction_MatrixKey
    main.o(i.AnalyzeInstruction_USART1) refers to main.o(.data) for .data
    main.o(i.AnalyzeInstruction_USART3) refers to strtok.o(.text) for strtok
    main.o(i.AnalyzeInstruction_USART3) refers to printf3.o(i.__0sprintf$3) for __2sprintf
    main.o(i.AnalyzeInstruction_USART3) refers to atof.o(i.atof) for atof
    main.o(i.AnalyzeInstruction_USART3) refers to dmul.o(.text) for __aeabi_dmul
    main.o(i.AnalyzeInstruction_USART3) refers to dadd.o(.text) for __aeabi_dadd
    main.o(i.AnalyzeInstruction_USART3) refers to dfixi.o(.text) for __aeabi_d2iz
    main.o(i.AnalyzeInstruction_USART3) refers to main.o(.data) for .data
    main.o(i.CalPitchAngle) refers to dflti.o(.text) for __aeabi_i2d
    main.o(i.CalPitchAngle) refers to dmul.o(.text) for __aeabi_dmul
    main.o(i.CalPitchAngle) refers to dadd.o(.text) for __aeabi_dsub
    main.o(i.CalPitchAngle) refers to dfixi.o(.text) for __aeabi_d2iz
    main.o(i.CalPitchAngle) refers to main.o(.data) for .data
    main.o(i.HAL_TIM_PeriodElapsedCallback) refers to bsp_servo.o(i.Get_Pitch_ServoAngle) for Get_Pitch_ServoAngle
    main.o(i.HAL_TIM_PeriodElapsedCallback) refers to bsp_servo.o(i.Servo_Control) for Servo_Control
[...]
    ../Core/Src/system_stm32f1xx.c           0x00000000   Number         0  system_stm32f1xx.o ABSOLUTE
    ../Core/Src/tim.c                        0x00000000   Number         0  tim.o ABSOLUTE
    ../Core/Src/usart.c                      0x00000000   Number         0  usart.o ABSOLUTE
    ../Drivers/STM32F1xx_HAL_Driver/Src/stm32f1xx_hal.c 0x00000000   Number         0  stm32f1xx_hal.o ABSOLUTE
    ../Drivers/STM32F1xx_HAL_Driver/Src/stm32f1xx_hal_cortex.c 0x00000000   Number         0  stm32f1xx_hal_cortex.o ABSOLUTE
    ../Drivers/STM32F1xx_HAL_Driver/Src/stm32f1xx_hal_dma.c 0x00000000   Number         0  stm32f1xx_hal_dma.o ABSOLUTE
    ../Drivers/STM32F1xx_HAL_Driver/Src/stm32f1xx_hal_exti.c 0x00000000   Number         0  stm32f1xx_hal_exti.o ABSOLUTE
    ../Drivers/STM32F1xx_HAL_Driver/Src/stm32f1xx_hal_flash.c 0x00000000   Number         0  stm32f1xx_hal_flash.o ABSOLUTE
    ../Drivers/STM32F1xx_HAL_Driver/Src/stm32f1xx_hal_flash_ex.c 0x00000000   Number         0  stm32f1xx_hal_flash_ex.o ABSOLUTE
    ../Drivers/STM32F1xx_HAL_Driver/Src/stm32f1xx_hal_gpio.c 0x00000000   Number         0  stm32f1xx_hal_gpio.o ABSOLUTE
    ../Drivers/STM32F1xx_HAL_Driver/Src/stm32f1xx_hal_gpio_ex.c 0x00000000   Number         0  stm32f1xx_hal_gpio_ex.o ABSOLUTE
    ../Drivers/STM32F1xx_HAL_Driver/Src/stm32f1xx_hal_pwr.c 0x00000000   Number         0  stm32f1xx_hal_pwr.o ABSOLUTE
    ../Drivers/STM32F1xx_HAL_Driver/Src/stm32f1xx_hal_rcc.c 0x00000000   Number         0  stm32f1xx_hal_rcc.o ABSOLUTE
    ../Drivers/STM32F1xx_HAL_Driver/Src/stm32f1xx_hal_rcc_ex.c 0x00000000   Number         0  stm32f1xx_hal_rcc_ex.o ABSOLUTE
    ../Drivers/STM32F1xx_HAL_Driver/Src/stm32f1xx_hal_tim.c 0x00000000   Number         0  stm32f1xx_hal_tim.o ABSOLUTE
    ../Drivers/STM32F1xx_HAL_Driver/Src/stm32f1xx_hal_tim_ex.c 0x00000000   Number         0  stm32f1xx_hal_tim_ex.o ABSOLUTE
    ../Drivers/STM32F1xx_HAL_Driver/Src/stm32f1xx_hal_uart.c 0x00000000   Number         0  stm32f1xx_hal_uart.o ABSOLUTE
    ../clib/microlib/ctype/ctype.c           0x00000000   Number         0  isalpha_o.o ABSOLUTE
    ../clib/microlib/ctype/ctype.c           0x00000000   Number         0  isalnum_o.o ABSOLUTE
    ../clib/microlib/ctype/ctype.c           0x00000000   Number         0  ctype_o.o ABSOLUTE
    ../clib/microlib/ctype/ctype.c           0x00000000   Number         0  iscntrl_o.o ABSOLUTE
    ../clib/microlib/ctype/ctype.c           0x00000000   Number         0  ctype_c.o ABSOLUTE
    ../clib/microlib/ctype/ctype.c           0x00000000   Number         0  isxdigit_o.o ABSOLUTE
    ../clib/microlib/ctype/ctype.c           0x00000000   Number         0  isupper_o.o ABSOLUTE
    ../clib/microlib/ctype/ctype.c           0x00000000   Number         0  isspace_o.o ABSOLUTE
    ../clib/microlib/ctype/ctype.c           0x00000000   Number         0  ispunct_o.o ABSOLUTE
    ../clib/microlib/ctype/ctype.c           0x00000000   Number         0  isprint_o.o ABSOLUTE
    ../clib/microlib/ctype/ctype.c           0x00000000   Number         0  isspace_c.o ABSOLUTE
    ../clib/microlib/ctype/ctype.c           0x00000000   Number         0  islower_o.o ABSOLUTE
    ../clib/microlib/ctype/ctype.c           0x00000000   Number         0  isgraph_o.o ABSOLUTE
    ../clib/microlib/ctype/ctype.c           0x00000000   Number         0  isdigit_o.o ABSOLUTE
    ../clib/microlib/ctype/ctype.c           0x00000000   Number         0  isblank_o.o ABSOLUTE
    ../clib/microlib/division.c              0x00000000   Number         0  uidiv.o ABSOLUTE
    ../clib/microlib/division.c              0x00000000   Number         0  uldiv.o ABSOLUTE
    ../clib/microlib/errno.c                 0x00000000   Number         0  errno.o ABSOLUTE
    ../clib/microlib/init/entry.s            0x00000000   Number         0  entry11a.o ABSOLUTE
    ../clib/microlib/init/entry.s            0x00000000   Number         0  entry10b.o ABSOLUTE
    ../clib/microlib/init/entry.s            0x00000000   Number         0  entry10a.o ABSOLUTE
    ../clib/microlib/init/entry.s            0x00000000   Number         0  entry9b.o ABSOLUTE
    ../clib/microlib/init/entry.s            0x00000000   Number         0  entry9a.o ABSOLUTE
    ../clib/microlib/init/entry.s            0x00000000   Number         0  entry8b.o ABSOLUTE
    ../clib/microlib/init/entry.s            0x00000000   Number         0  entry8a.o ABSOLUTE
    ../clib/microlib/init/entry.s            0x00000000   Number         0  entry7b.o ABSOLUTE
    ../clib/microlib/init/entry.s            0x00000000   Number         0  entry7a.o ABSOLUTE
    ../clib/microlib/init/entry.s            0x00000000   Number         0  entry5.o ABSOLUTE
    ../clib/microlib/init/entry.s            0x00000000   Number         0  entry2.o ABSOLUTE
    ../clib/microlib/init/entry.s            0x00000000   Number         0  entry.o ABSOLUTE
    ../clib/microlib/init/entry.s            0x00000000   Number         0  entry11b.o ABSOLUTE
    ../clib/microlib/longlong.c              0x00000000   Number         0  llushr.o ABSOLUTE
    ../clib/microlib/longlong.c              0x00000000   Number         0  llshl.o ABSOLUTE
    ../clib/microlib/longlong.c              0x00000000   Number         0  llsshr.o ABSOLUTE
    ../clib/microlib/printf/printf.c         0x00000000   Number         0  printf7.o ABSOLUTE
    ../clib/microlib/printf/printf.c         0x00000000   Number         0  printf3.o ABSOLUTE
    ../clib/microlib/printf/printf.c         0x00000000   Number         0  printf4.o ABSOLUTE
    ../clib/microlib/printf/printf.c         0x00000000   Number         0  printf5.o ABSOLUTE
    ../clib/microlib/printf/printf.c         0x00000000   Number         0  printf6.o ABSOLUTE
    ../clib/microlib/printf/printf.c         0x00000000   Number         0  printfa.o ABSOLUTE
    ../clib/microlib/printf/printf.c         0x00000000   Number         0  printf8.o ABSOLUTE
    ../clib/microlib/printf/printf.c         0x00000000   Number         0  printf2.o ABSOLUTE
    ../clib/microlib/printf/printf.c         0x00000000   Number         0  printf1.o ABSOLUTE
    ../clib/microlib/printf/printf.c         0x00000000   Number         0  printf0.o ABSOLUTE
    ../clib/microlib/printf/printf.c         0x00000000   Number         0  printfb.o ABSOLUTE
    ../clib/microlib/printf/stubs.s          0x00000000   Number         0  stubs.o ABSOLUTE
    ../clib/microlib/stdio/streams.c         0x00000000   Number         0  stdout.o ABSOLUTE
    ../clib/microlib/string/memset.c         0x00000000   Number         0  memseta.o ABSOLUTE
    ../clib/microlib/string/strcpy.c         0x00000000   Number         0  strcpy.o ABSOLUTE
    ../clib/microlib/string/strtok.c         0x00000000   Number         0  strtok.o ABSOLUTE
    ../clib/microlib/string/strtok.c         0x00000000   Number         0  strtok_r.o ABSOLUTE
    ../clib/microlib/stubs.s                 0x00000000   Number         0  iusefp.o ABSOLUTE
    ../clib/scanf.c                          0x00000000   Number         0  _sgetc.o ABSOLUTE
    ../clib/scanf.c                          0x00000000   Number         0  _chval.o ABSOLUTE
    ../clib/scanf.c                          0x00000000   Number         0  strtod.o ABSOLUTE
    ../clib/scanf.c                          0x00000000   Number         0  scanf_fp.o ABSOLUTE
    ../clib/scanf.c                          0x00000000   Number         0  atoi.o ABSOLUTE
    ../clib/scanf.c                          0x00000000   Number         0  _strtoul.o ABSOLUTE
    ../clib/scanf.c                          0x00000000   Number         0  strtol.o ABSOLUTE
    ../fplib/microlib/d2f.c                  0x00000000   Number         0  d2f.o ABSOLUTE
    ../fplib/microlib/fpadd.c                0x00000000   Number         0  dadd.o ABSOLUTE
    ../fplib/microlib/fpdiv.c                0x00000000   Number         0  ddiv.o ABSOLUTE
    ../fplib/microlib/fpepilogue.c           0x00000000   Number         0  depilogue.o ABSOLUTE
    ../fplib/microlib/fpepilogue.c           0x00000000   Number         0  fepilogue.o ABSOLUTE
    ../fplib/microlib/fpfix.c                0x00000000   Number         0  dfixul.o ABSOLUTE
    ../fplib/microlib/fpfix.c                0x00000000   Number         0  ffixui.o ABSOLUTE
    ../fplib/microlib/fpfix.c                0x00000000   Number         0  dfixi.o ABSOLUTE
    ../fplib/microlib/fpflt.c                0x00000000   Number         0  dfltul.o ABSOLUTE
    ../fplib/microlib/fpflt.c                0x00000000   Number         0  dfltui.o ABSOLUTE
    ../fplib/microlib/fpflt.c                0x00000000   Number         0  dflti.o ABSOLUTE
    ../fplib/microlib/fpmul.c                0x00000000   Number         0  dmul.o ABSOLUTE
    ../mathlib/atof.c                        0x00000000   Number         0  atof.o ABSOLUTE
    ..\Core\Src\dma.c                        0x00000000   Number         0  dma.o ABSOLUTE
    ..\Core\Src\gpio.c                       0x00000000   Number         0  gpio.o ABSOLUTE
    ..\Core\Src\main.c                       0x00000000   Number         0  main.o ABSOLUTE
    ..\Core\Src\stm32f1xx_hal_msp.c          0x00000000   Number         0  stm32f1xx_hal_msp.o ABSOLUTE
    ..\Core\Src\stm32f1xx_it.c               0x00000000   Number         0  stm32f1xx_it.o ABSOLUTE
    ..\Core\Src\system_stm32f1xx.c           0x00000000   Number         0  system_stm32f1xx.o ABSOLUTE
    ..\Core\Src\tim.c                        0x00000000   Number         0  tim.o ABSOLUTE
    ..\Core\Src\usart.c                      0x00000000   Number         0  usart.o ABSOLUTE
    ..\Drivers\STM32F1xx_HAL_Driver\Src\stm32f1xx_hal.c 0x00000000   Number         0  stm32f1xx_hal.o ABSOLUTE
    ..\Drivers\STM32F1xx_HAL_Driver\Src\stm32f1xx_hal_cortex.c 0x00000000   Number         0  stm32f1xx_hal_cortex.o ABSOLUTE
    ..\Drivers\STM32F1xx_HAL_Driver\Src\stm32f1xx_hal_dma.c 0x00000000   Number         0  stm32f1xx_hal_dma.o ABSOLUTE
    ..\Drivers\STM32F1xx_HAL_Driver\Src\stm32f1xx_hal_exti.c 0x00000000   Number         0  stm32f1xx_hal_exti.o ABSOLUTE
    ..\Drivers\STM32F1xx_HAL_Driver\Src\stm32f1xx_hal_flash.c 0x00000000   Number         0  stm32f1xx_hal_flash.o ABSOLUTE
    ..\Drivers\STM32F1xx_HAL_Driver\Src\stm32f1xx_hal_flash_ex.c 0x00000000   Number         0  stm32f1xx_hal_flash_ex.o ABSOLUTE
    ..\Drivers\STM32F1xx_HAL_Driver\Src\stm32f1xx_hal_gpio.c 0x00000000   Number         0  stm32f1xx_hal_gpio.o ABSOLUTE
    ..\Drivers\STM32F1xx_HAL_Driver\Src\stm32f1xx_hal_gpio_ex.c 0x00000000   Number         0  stm32f1xx_hal_gpio_ex.o ABSOLUTE
    ..\Drivers\STM32F1xx_HAL_Driver\Src\stm32f1xx_hal_pwr.c 0x00000000   Number         0  stm32f1xx_hal_pwr.o ABSOLUTE
    ..\Drivers\STM32F1xx_HAL_Driver\Src\stm32f1xx_hal_rcc.c 0x00000000   Number         0  stm32f1xx_hal_rcc.o ABSOLUTE
    ..\Drivers\STM32F1xx_HAL_Driver\Src\stm32f1xx_hal_rcc_ex.c 0x00000000   Number         0  stm32f1xx_hal_rcc_ex.o ABSOLUTE
    ..\Drivers\STM32F1xx_HAL_Driver\Src\stm32f1xx_hal_tim.c 0x00000000   Number         0  stm32f1xx_hal_tim.o ABSOLUTE
    ..\Drivers\STM32F1xx_HAL_Driver\Src\stm32f1xx_hal_tim_ex.c 0x00000000   Number         0  stm32f1xx_hal_tim_ex.o ABSOLUTE
    ..\Drivers\STM32F1xx_HAL_Driver\Src\stm32f1xx_hal_uart.c 0x00000000   Number         0  stm32f1xx_hal_uart.o ABSOLUTE
    ..\\lib\\LASERDISTANCE\\bsp_laserdistance.c 0x00000000   Number         0  bsp_laserdistance.o ABSOLUTE
    ..\\lib\\MATRIXKEY\\bsp_matrixkey.c      0x00000000   Number         0  bsp_matrixkey.o ABSOLUTE
    ..\\lib\\SERVO\\bsp_servo.c              0x00000000   Number         0  bsp_servo.o ABSOLUTE
    ..\lib\LASERDISTANCE\bsp_laserdistance.c 0x00000000   Number         0  bsp_laserdistance.o ABSOLUTE
    ..\lib\MATRIXKEY\bsp_matrixkey.c         0x00000000   Number         0  bsp_matrixkey.o ABSOLUTE
    ..\lib\SERVO\bsp_servo.c                 0x00000000   Number         0  bsp_servo.o ABSOLUTE
    cdrcmple.s                               0x00000000   Number         0  cdrcmple.o ABSOLUTE
    dc.s                                     0x00000000   Number         0  dc.o ABSOLUTE
    handlers.s                               0x00000000   Number         0  handlers.o ABSOLUTE
    init.s                                   0x00000000   Number         0  init.o ABSOLUTE
    startup_stm32f103xb.s                    0x00000000   Number         0  startup_stm32f103xb.o ABSOLUTE
    RESET                                    0x08000000   Section      236  startup_stm32f103xb.o(RESET)
    .ARM.Collect$$$$00000000                 0x080000ec   Section        0  entry.o(.ARM.Collect$$$$00000000)
    .ARM.Collect$$$$00000001                 0x080000ec   Section        4  entry2.o(.ARM.Collect$$$$00000001)
    .ARM.Collect$$$$00000004                 0x080000f0   Section        4  entry5.o(.ARM.Collect$$$$00000004)
    .ARM.Collect$$$$00000008                 0x080000f4   Section        0  entry7b.o(.ARM.Collect$$$$00000008)
    .ARM.Collect$$$$0000000A                 0x080000f4   Section        0  entry8b.o(.ARM.Collect$$$$0000000A)
    .ARM.Collect$$$$0000000B                 0x080000f4   Section        8  entry9a.o(.ARM.Collect$$$$0000000B)
    .ARM.Collect$$$$0000000D                 0x080000fc   Section        0  entry10a.o(.ARM.Collect$$$$0000000D)
    .ARM.Collect$$$$0000000F                 0x080000fc   Section        0  entry11a.o(.ARM.Collect$$$$0000000F)
    .ARM.Collect$$$$00002712                 0x080000fc   Section        4  entry2.o(.ARM.Collect$$$$00002712)
    __lit__00000000                          0x080000fc   Data           4  entry2.o(.ARM.Collect$$$$00002712)
    .text                                    0x08000100   Section       36  startup_stm32f103xb.o(.text)
    .text                                    0x08000124   Section        0  llushr.o(.text)
    .text                                    0x08000144   Section        0  memseta.o(.text)
    .text                                    0x08000168   Section        0  strcpy.o(.text)
    .text                                    0x0800017c   Section        0  strtok.o(.text)
    .text                                    0x080001c0   Section        0  atoi.o(.text)
    .text                                    0x080001da   Section        0  dadd.o(.text)
    .text                                    0x08000328   Section        0  dmul.o(.text)
    .text                                    0x0800040c   Section        0  dflti.o(.text)
    .text                                    0x0800042e   Section        0  dfltui.o(.text)
    .text                                    0x08000448   Section        0  ffixui.o(.text)
    .text                                    0x08000470   Section        0  dfixi.o(.text)
    .text                                    0x080004ae   Section        0  d2f.o(.text)
    .text                                    0x080004e6   Section        0  uidiv.o(.text)
    .text                                    0x08000512   Section        0  llshl.o(.text)
    .text                                    0x08000530   Section        0  llsshr.o(.text)
    .text                                    0x08000554   Section        0  strtod.o(.text)
    _local_sscanf                            0x08000555   Thumb Code    54  strtod.o(.text)
    .text                                    0x080005f0   Section        0  strtol.o(.text)
    .text                                    0x08000660   Section        0  iusefp.o(.text)
    .text                                    0x08000660   Section        0  fepilogue.o(.text)
    .text                                    0x080006ce   Section        0  depilogue.o(.text)
    .text                                    0x08000788   Section        0  ddiv.o(.text)
    .text                                    0x08000868   Section       36  init.o(.text)
    .text                                    0x0800088c   Section        0  ctype_o.o(.text)
    .text                                    0x08000894   Section        0  isspace_o.o(.text)
    .text                                    0x080008a8   Section        0  scanf_fp.o(.text)
    _fp_value                                0x080008a9   Thumb Code   296  scanf_fp.o(.text)
    .text                                    0x08000c08   Section        0  _sgetc.o(.text)
    .text                                    0x08000c48   Section        0  _strtoul.o(.text)
    .text                                    0x08000ce6   Section        0  _chval.o(.text)
    .text                                    0x08000d02   Section        0  dfltul.o(.text)
    i.AnalyzeInstruction                     0x08000d1a   Section        0  main.o(i.AnalyzeInstruction)
    i.AnalyzeInstruction_MatrixKey           0x08000d38   Section        0  main.o(i.AnalyzeInstruction_MatrixKey)
    i.AnalyzeInstruction_USART1              0x08000dc0   Section        0  main.o(i.AnalyzeInstruction_USART1)
    i.AnalyzeInstruction_USART3              0x08000e94   Section        0  main.o(i.AnalyzeInstruction_USART3)
    i.BusFault_Handler                       0x08000eec   Section        0  stm32f1xx_it.o(i.BusFault_Handler)
    i.CalPitchAngle                          0x08000ef0   Section        0  main.o(i.CalPitchAngle)
    i.DMA1_Channel2_IRQHandler               0x08000f3c   Section        0  stm32f1xx_it.o(i.DMA1_Channel2_IRQHandler)
    i.DMA1_Channel3_IRQHandler               0x08000f48   Section        0  stm32f1xx_it.o(i.DMA1_Channel3_IRQHandler)
    i.DMA1_Channel4_IRQHandler               0x08000f54   Section        0  stm32f1xx_it.o(i.DMA1_Channel4_IRQHandler)
    i.DMA1_Channel5_IRQHandler               0x08000f60   Section        0  stm32f1xx_it.o(i.DMA1_Channel5_IRQHandler)
    i.DMA1_Channel6_IRQHandler               0x08000f6c   Section        0  stm32f1xx_it.o(i.DMA1_Channel6_IRQHandler)
    i.DMA1_Channel7_IRQHandler               0x08000f78   Section        0  stm32f1xx_it.o(i.DMA1_Channel7_IRQHandler)
    i.DMA_SetConfig                          0x08000f84   Section        0  stm32f1xx_hal_dma.o(i.DMA_SetConfig)
    DMA_SetConfig                            0x08000f85   Thumb Code    42  stm32f1xx_hal_dma.o(i.DMA_SetConfig)
    i.DebugMon_Handler                       0x08000fae   Section        0  stm32f1xx_it.o(i.DebugMon_Handler)
    i.Error_Handler                          0x08000fb0   Section        0  main.o(i.Error_Handler)
    i.Get_Distance                           0x08000fb4   Section        0  bsp_laserdistance.o(i.Get_Distance)
    i.Get_Pitch_ServoAngle                   0x08000fdc   Section        0  bsp_servo.o(i.Get_Pitch_ServoAngle)
    i.Get_Yaw_ServoAngle                     0x08000fe4   Section        0  bsp_servo.o(i.Get_Yaw_ServoAngle)
    i.HAL_DMA_Abort                          0x08000fea   Section        0  stm32f1xx_hal_dma.o(i.HAL_DMA_Abort)
    i.HAL_DMA_Abort_IT                       0x08001030   Section        0  stm32f1xx_hal_dma.o(i.HAL_DMA_Abort_IT)
    i.HAL_DMA_IRQHandler                     0x080010c8   Section        0  stm32f1xx_hal_dma.o(i.HAL_DMA_IRQHandler)
    i.HAL_DMA_Init                           0x0800121c   Section        0  stm32f1xx_hal_dma.o(i.HAL_DMA_Init)
    i.HAL_DMA_Start_IT                       0x08001278   Section        0  stm32f1xx_hal_dma.o(i.HAL_DMA_Start_IT)
    i.HAL_Delay                              0x080012e8   Section        0  stm32f1xx_hal.o(i.HAL_Delay)
    i.HAL_GPIO_Init                          0x0800130c   Section        0  stm32f1xx_hal_gpio.o(i.HAL_GPIO_Init)
    i.HAL_GPIO_ReadPin                       0x080014ec   Section        0  stm32f1xx_hal_gpio.o(i.HAL_GPIO_ReadPin)
    i.HAL_GPIO_WritePin                      0x080014f6   Section        0  stm32f1xx_hal_gpio.o(i.HAL_GPIO_WritePin)
    i.HAL_GetTick                            0x08001500   Section        0  stm32f1xx_hal.o(i.HAL_GetTick)
    i.HAL_IncTick                            0x0800150c   Section        0  stm32f1xx_hal.o(i.HAL_IncTick)
    i.HAL_Init                               0x0800151c   Section        0  stm32f1xx_hal.o(i.HAL_Init)
    i.HAL_InitTick                           0x08001540   Section        0  stm32f1xx_hal.o(i.HAL_InitTick)
    i.HAL_MspInit                            0x08001580   Section        0  stm32f1xx_hal_msp.o(i.HAL_MspInit)
    i.HAL_NVIC_EnableIRQ                     0x080015c4   Section        0  stm32f1xx_hal_cortex.o(i.HAL_NVIC_EnableIRQ)
    i.HAL_NVIC_SetPriority                   0x080015e0   Section        0  stm32f1xx_hal_cortex.o(i.HAL_NVIC_SetPriority)
    i.HAL_NVIC_SetPriorityGrouping           0x08001620   Section        0  stm32f1xx_hal_cortex.o(i.HAL_NVIC_SetPriorityGrouping)
    i.HAL_RCC_ClockConfig                    0x08001644   Section        0  stm32f1xx_hal_rcc.o(i.HAL_RCC_ClockConfig)
    i.HAL_RCC_GetPCLK1Freq                   0x08001770   Section        0  stm32f1xx_hal_rcc.o(i.HAL_RCC_GetPCLK1Freq)
    i.HAL_RCC_GetPCLK2Freq                   0x08001790   Section        0  stm32f1xx_hal_rcc.o(i.HAL_RCC_GetPCLK2Freq)
    i.HAL_RCC_GetSysClockFreq                0x080017b0   Section        0  stm32f1xx_hal_rcc.o(i.HAL_RCC_GetSysClockFreq)
    i.HAL_RCC_OscConfig                      0x0800181c   Section        0  stm32f1xx_hal_rcc.o(i.HAL_RCC_OscConfig)
    i.HAL_SYSTICK_Config                     0x08001b3c   Section        0  stm32f1xx_hal_cortex.o(i.HAL_SYSTICK_Config)
    i.HAL_TIMEx_BreakCallback                0x08001b64   Section        0  stm32f1xx_hal_tim_ex.o(i.HAL_TIMEx_BreakCallback)
    i.HAL_TIMEx_CommutCallback               0x08001b66   Section        0  stm32f1xx_hal_tim_ex.o(i.HAL_TIMEx_CommutCallback)
    i.HAL_TIMEx_MasterConfigSynchronization  0x08001b68   Section        0  stm32f1xx_hal_tim_ex.o(i.HAL_TIMEx_MasterConfigSynchronization)
    i.HAL_TIM_Base_Init                      0x08001bd0   Section        0  stm32f1xx_hal_tim.o(i.HAL_TIM_Base_Init)
    i.HAL_TIM_Base_MspInit                   0x08001c2c   Section        0  tim.o(i.HAL_TIM_Base_MspInit)
    i.HAL_TIM_Base_Start_IT                  0x08001c90   Section        0  stm32f1xx_hal_tim.o(i.HAL_TIM_Base_Start_IT)
    i.HAL_TIM_ConfigClockSource              0x08001ce8   Section        0  stm32f1xx_hal_tim.o(i.HAL_TIM_ConfigClockSource)
    i.HAL_TIM_IC_CaptureCallback             0x08001dbe   Section        0  stm32f1xx_hal_tim.o(i.HAL_TIM_IC_CaptureCallback)
    i.HAL_TIM_IRQHandler                     0x08001dc0   Section        0  stm32f1xx_hal_tim.o(i.HAL_TIM_IRQHandler)
    i.HAL_TIM_MspPostInit                    0x08001f28   Section        0  tim.o(i.HAL_TIM_MspPostInit)
    i.HAL_TIM_OC_DelayElapsedCallback        0x08001f74   Section        0  stm32f1xx_hal_tim.o(i.HAL_TIM_OC_DelayElapsedCallback)
    i.HAL_TIM_PWM_ConfigChannel              0x08001f76   Section        0  stm32f1xx_hal_tim.o(i.HAL_TIM_PWM_ConfigChannel)
    i.HAL_TIM_PWM_Init                       0x0800203c   Section        0  stm32f1xx_hal_tim.o(i.HAL_TIM_PWM_Init)
    i.HAL_TIM_PWM_MspInit                    0x08002096   Section        0  stm32f1xx_hal_tim.o(i.HAL_TIM_PWM_MspInit)
    i.HAL_TIM_PWM_PulseFinishedCallback      0x08002098   Section        0  stm32f1xx_hal_tim.o(i.HAL_TIM_PWM_PulseFinishedCallback)
    i.HAL_TIM_PWM_Start                      0x0800209c   Section        0  stm32f1xx_hal_tim.o(i.HAL_TIM_PWM_Start)
    i.HAL_TIM_PeriodElapsedCallback          0x08002138   Section        0  main.o(i.HAL_TIM_PeriodElapsedCallback)
    i.HAL_TIM_TriggerCallback                0x080021d8   Section        0  stm32f1xx_hal_tim.o(i.HAL_TIM_TriggerCallback)
    i.HAL_UART_DMAStop                       0x080021da   Section        0  stm32f1xx_hal_uart.o(i.HAL_UART_DMAStop)
    i.HAL_UART_ErrorCallback                 0x08002232   Section        0  stm32f1xx_hal_uart.o(i.HAL_UART_ErrorCallback)
    i.HAL_UART_IRQHandler                    0x08002234   Section        0  stm32f1xx_hal_uart.o(i.HAL_UART_IRQHandler)
    i.HAL_UART_Init                          0x08002390   Section        0  stm32f1xx_hal_uart.o(i.HAL_UART_Init)
    i.HAL_UART_MspInit                       0x080023f4   Section        0  usart.o(i.HAL_UART_MspInit)
    i.HAL_UART_Receive_DMA                   0x08002688   Section        0  stm32f1xx_hal_uart.o(i.HAL_UART_Receive_DMA)
    i.HAL_UART_RxCpltCallback                0x08002720   Section        0  stm32f1xx_hal_uart.o(i.HAL_UART_RxCpltCallback)
    i.HAL_UART_RxHalfCpltCallback            0x08002722   Section        0  stm32f1xx_hal_uart.o(i.HAL_UART_RxHalfCpltCallback)
    i.HAL_UART_Transmit                      0x08002724   Section        0  stm32f1xx_hal_uart.o(i.HAL_UART_Transmit)
    i.HAL_UART_TxCpltCallback                0x080027d6   Section        0  stm32f1xx_hal_uart.o(i.HAL_UART_TxCpltCallback)
    i.Handle_UART_Data                       0x080027d8   Section        0  main.o(i.Handle_UART_Data)
    i.HardFault_Handler                      0x080028dc   Section        0  stm32f1xx_it.o(i.HardFault_Handler)
    i.Key_Row_Scan                           0x080028e0   Section        0  bsp_matrixkey.o(i.Key_Row_Scan)
    i.Key_Scan                               0x0800294c   Section        0  bsp_matrixkey.o(i.Key_Scan)
    i.Key_ScanChar                           0x08002a14   Section        0  bsp_matrixkey.o(i.Key_ScanChar)
    i.MX_DMA_Init                            0x08002a78   Section        0  dma.o(i.MX_DMA_Init)
    i.MX_GPIO_Init                           0x08002af4   Section        0  gpio.o(i.MX_GPIO_Init)
    i.MX_TIM3_Init                           0x08002bd0   Section        0  tim.o(i.MX_TIM3_Init)
    i.MX_TIM4_Init                           0x08002c7c   Section        0  tim.o(i.MX_TIM4_Init)
    i.MX_USART1_UART_Init                    0x08002ce8   Section        0  usart.o(i.MX_USART1_UART_Init)
    i.MX_USART2_UART_Init                    0x08002d20   Section        0  usart.o(i.MX_USART2_UART_Init)
    i.MX_USART3_UART_Init                    0x08002d58   Section        0  usart.o(i.MX_USART3_UART_Init)
    i.MemManage_Handler                      0x08002d90   Section        0  stm32f1xx_it.o(i.MemManage_Handler)
    i.NMI_Handler                            0x08002d92   Section        0  stm32f1xx_it.o(i.NMI_Handler)
    i.PendSV_Handler                         0x08002d94   Section        0  stm32f1xx_it.o(i.PendSV_Handler)
    i.ProcessMatrixKeyData                   0x08002d98   Section        0  main.o(i.ProcessMatrixKeyData)
    i.SVC_Handler                            0x08002e48   Section        0  stm32f1xx_it.o(i.SVC_Handler)
    i.Servo_Control                          0x08002e4c   Section        0  bsp_servo.o(i.Servo_Control)
    i.SysTick_Handler                        0x08002e7c   Section        0  stm32f1xx_it.o(i.SysTick_Handler)
    i.SystemClock_Config                     0x08002e80   Section        0  main.o(i.SystemClock_Config)
    i.SystemInit                             0x08002ece   Section        0  system_stm32f1xx.o(i.SystemInit)
    i.TIM3_IRQHandler                        0x08002ed0   Section        0  stm32f1xx_it.o(i.TIM3_IRQHandler)
    i.TIM4_IRQHandler                        0x08002edc   Section        0  stm32f1xx_it.o(i.TIM4_IRQHandler)
    i.TIM_Base_SetConfig                     0x08002ee8   Section        0  stm32f1xx_hal_tim.o(i.TIM_Base_SetConfig)
    i.TIM_CCxChannelCmd                      0x08002f54   Section        0  stm32f1xx_hal_tim.o(i.TIM_CCxChannelCmd)
    i.TIM_ETR_SetConfig                      0x08002f6e   Section        0  stm32f1xx_hal_tim.o(i.TIM_ETR_SetConfig)
    i.TIM_ITRx_SetConfig                     0x08002f82   Section        0  stm32f1xx_hal_tim.o(i.TIM_ITRx_SetConfig)
    TIM_ITRx_SetConfig                       0x08002f83   Thumb Code    16  stm32f1xx_hal_tim.o(i.TIM_ITRx_SetConfig)
    i.TIM_OC1_SetConfig                      0x08002f94   Section        0  stm32f1xx_hal_tim.o(i.TIM_OC1_SetConfig)
    TIM_OC1_SetConfig                        0x08002f95   Thumb Code    74  stm32f1xx_hal_tim.o(i.TIM_OC1_SetConfig)
    i.TIM_OC2_SetConfig                      0x08002fe4   Section        0  stm32f1xx_hal_tim.o(i.TIM_OC2_SetConfig)
    i.TIM_OC3_SetConfig                      0x0800303c   Section        0  stm32f1xx_hal_tim.o(i.TIM_OC3_SetConfig)
    TIM_OC3_SetConfig                        0x0800303d   Thumb Code    82  stm32f1xx_hal_tim.o(i.TIM_OC3_SetConfig)
    i.TIM_OC4_SetConfig                      0x08003094   Section        0  stm32f1xx_hal_tim.o(i.TIM_OC4_SetConfig)
    TIM_OC4_SetConfig                        0x08003095   Thumb Code    64  stm32f1xx_hal_tim.o(i.TIM_OC4_SetConfig)
    i.TIM_TI1_ConfigInputStage               0x080030d8   Section        0  stm32f1xx_hal_tim.o(i.TIM_TI1_ConfigInputStage)
    TIM_TI1_ConfigInputStage                 0x080030d9   Thumb Code    34  stm32f1xx_hal_tim.o(i.TIM_TI1_ConfigInputStage)
    i.TIM_TI2_ConfigInputStage               0x080030fa   Section        0  stm32f1xx_hal_tim.o(i.TIM_TI2_ConfigInputStage)
    TIM_TI2_ConfigInputStage                 0x080030fb   Thumb Code    36  stm32f1xx_hal_tim.o(i.TIM_TI2_ConfigInputStage)
    i.UART_DMAAbortOnError                   0x0800311e   Section        0  stm32f1xx_hal_uart.o(i.UART_DMAAbortOnError)
    UART_DMAAbortOnError                     0x0800311f   Thumb Code    16  stm32f1xx_hal_uart.o(i.UART_DMAAbortOnError)
    i.UART_DMAError                          0x0800312e   Section        0  stm32f1xx_hal_uart.o(i.UART_DMAError)
    UART_DMAError                            0x0800312f   Thumb Code    74  stm32f1xx_hal_uart.o(i.UART_DMAError)
    i.UART_DMAReceiveCplt                    0x08003178   Section        0  stm32f1xx_hal_uart.o(i.UART_DMAReceiveCplt)
    UART_DMAReceiveCplt                      0x08003179   Thumb Code    60  stm32f1xx_hal_uart.o(i.UART_DMAReceiveCplt)
    i.UART_DMARxHalfCplt                     0x080031b4   Section        0  stm32f1xx_hal_uart.o(i.UART_DMARxHalfCplt)
    UART_DMARxHalfCplt                       0x080031b5   Thumb Code    10  stm32f1xx_hal_uart.o(i.UART_DMARxHalfCplt)
    i.UART_EndRxTransfer                     0x080031be   Section        0  stm32f1xx_hal_uart.o(i.UART_EndRxTransfer)
    UART_EndRxTransfer                       0x080031bf   Thumb Code    28  stm32f1xx_hal_uart.o(i.UART_EndRxTransfer)
    i.UART_EndTxTransfer                     0x080031da   Section        0  stm32f1xx_hal_uart.o(i.UART_EndTxTransfer)
    UART_EndTxTransfer                       0x080031db   Thumb Code    18  stm32f1xx_hal_uart.o(i.UART_EndTxTransfer)
    i.UART_Receive_IT                        0x080031ec   Section        0  stm32f1xx_hal_uart.o(i.UART_Receive_IT)
    UART_Receive_IT                          0x080031ed   Thumb Code   140  stm32f1xx_hal_uart.o(i.UART_Receive_IT)
    i.UART_SetConfig                         0x08003278   Section        0  stm32f1xx_hal_uart.o(i.UART_SetConfig)
    UART_SetConfig                           0x08003279   Thumb Code   178  stm32f1xx_hal_uart.o(i.UART_SetConfig)
    i.UART_WaitOnFlagUntilTimeout            0x08003330   Section        0  stm32f1xx_hal_uart.o(i.UART_WaitOnFlagUntilTimeout)
    UART_WaitOnFlagUntilTimeout              0x08003331   Thumb Code   100  stm32f1xx_hal_uart.o(i.UART_WaitOnFlagUntilTimeout)
    i.USART1_IRQHandler                      0x08003394   Section        0  stm32f1xx_it.o(i.USART1_IRQHandler)
    i.USART2_IRQHandler                      0x080033e0   Section        0  stm32f1xx_it.o(i.USART2_IRQHandler)
    i.USART3_IRQHandler                      0x08003430   Section        0  stm32f1xx_it.o(i.USART3_IRQHandler)
    i.UsageFault_Handler                     0x08003484   Section        0  stm32f1xx_it.o(i.UsageFault_Handler)
    i.__0printf$3                            0x08003488   Section        0  printf3.o(i.__0printf$3)
    i.__0sprintf$3                           0x080034a8   Section        0  printf3.o(i.__0sprintf$3)
    i.__NVIC_SetPriority                     0x080034d0   Section        0  stm32f1xx_hal_cortex.o(i.__NVIC_SetPriority)
    __NVIC_SetPriority                       0x080034d1   Thumb Code    32  stm32f1xx_hal_cortex.o(i.__NVIC_SetPriority)
    i.__aeabi_errno_addr                     0x080034f0   Section        0  errno.o(i.__aeabi_errno_addr)
    i.__read_errno                           0x080034f8   Section        0  errno.o(i.__read_errno)
    i.__scatterload_copy                     0x08003504   Section       14  handlers.o(i.__scatterload_copy)
    i.__scatterload_null                     0x08003512   Section        2  handlers.o(i.__scatterload_null)
    i.__scatterload_zeroinit                 0x08003514   Section       14  handlers.o(i.__scatterload_zeroinit)
    i.__set_errno                            0x08003524   Section        0  errno.o(i.__set_errno)
    i._is_digit                              0x08003530   Section        0  scanf_fp.o(i._is_digit)
    i._printf_core                           0x08003540   Section        0  printf3.o(i._printf_core)
    _printf_core                             0x08003541   Thumb Code   436  printf3.o(i._printf_core)
    i._sputc                                 0x080036f8   Section        0  printf3.o(i._sputc)
    _sputc                                   0x080036f9   Thumb Code    10  printf3.o(i._sputc)
    i.atof                                   0x08003702   Section        0  atof.o(i.atof)
    i.fputc                                  0x0800372c   Section        0  usart.o(i.fputc)
    i.main                                   0x08003744   Section        0  main.o(i.main)
    .constdata                               0x08003810   Section       16  system_stm32f1xx.o(.constdata)
    .constdata                               0x08003820   Section        8  system_stm32f1xx.o(.constdata)
    .constdata                               0x08003828   Section      129  ctype_o.o(.constdata)
    .constdata                               0x080038ac   Section        4  ctype_o.o(.constdata)
    table                                    0x080038ac   Data           4  ctype_o.o(.constdata)
    .data                                    0x20000000   Section       35  main.o(.data)
    .data                                    0x20000023   Section        1  main.o(.data)
    .data                                    0x20000024   Section       12  stm32f1xx_hal.o(.data)
    .data                                    0x20000030   Section        4  system_stm32f1xx.o(.data)
    .data                                    0x20000034   Section        4  strtok.o(.data)
    state                                    0x20000034   Data           4  strtok.o(.data)
    .data                                    0x20000038   Section        4  stdout.o(.data)
    .data                                    0x2000003c   Section        4  errno.o(.data)
    _errno                                   0x2000003c   Data           4  errno.o(.data)
    .bss                                     0x20000040   Section      801  main.o(.bss)
    .bss                                     0x20000364   Section      144  tim.o(.bss)
    .bss                                     0x200003f4   Section      600  usart.o(.bss)
    .bss                                     0x2000064c   Section      200  bsp_laserdistance.o(.bss)
    STACK                                    0x20000718   Section     1024  startup_stm32f103xb.o(STACK)

    Global Symbols

    Symbol Name                              Value     Ov Type        Size  Object(Section)

    BuildAttributes$$THM_ISAv4$P$D$K$B$S$PE$A:L22UL41UL21$X:L11$S22US41US21$IEEE1$IW$USESV6$~STKCKD$USESV7$~SHL$OTIME$ROPI$IEEEJ$EBA8$MICROLIB$REQ8$PRES8$EABIv2 0x00000000   Number         0  anon$$obj.o ABSOLUTE
    __ARM_use_no_argv                        0x00000000   Number         0  main.o ABSOLUTE
    _printf_a                                0x00000000   Number         0  stubs.o ABSOLUTE
    _printf_c                                0x00000000   Number         0  stubs.o ABSOLUTE
    _printf_charcount                        0x00000000   Number         0  stubs.o ABSOLUTE
    _printf_d                                0x00000000   Number         0  stubs.o ABSOLUTE
    _printf_e                                0x00000000   Number         0  stubs.o ABSOLUTE
    _printf_f                                0x00000000   Number         0  stubs.o ABSOLUTE
    _printf_flags                            0x00000000   Number         0  stubs.o ABSOLUTE
    _printf_fp_dec                           0x00000000   Number         0  stubs.o ABSOLUTE
    _printf_fp_hex                           0x00000000   Number         0  stubs.o ABSOLUTE
    _printf_g                                0x00000000   Number         0  stubs.o ABSOLUTE
    _printf_i                                0x00000000   Number         0  stubs.o ABSOLUTE
    _printf_int_dec                          0x00000000   Number         0  stubs.o ABSOLUTE
    _printf_l                                0x00000000   Number         0  stubs.o ABSOLUTE
    _printf_lc                               0x00000000   Number         0  stubs.o ABSOLUTE
    _printf_ll                               0x00000000   Number         0  stubs.o ABSOLUTE
    _printf_lld                              0x00000000   Number         0  stubs.o ABSOLUTE
    _printf_lli                              0x00000000   Number         0  stubs.o ABSOLUTE
    _printf_llo                              0x00000000   Number         0  stubs.o ABSOLUTE
    _printf_llu                              0x00000000   Number         0  stubs.o ABSOLUTE
    _printf_llx                              0x00000000   Number         0  stubs.o ABSOLUTE
    _printf_longlong_dec                     0x00000000   Number         0  stubs.o ABSOLUTE
    _printf_longlong_hex                     0x00000000   Number         0  stubs.o ABSOLUTE
    _printf_longlong_oct                     0x00000000   Number         0  stubs.o ABSOLUTE
    _printf_ls                               0x00000000   Number         0  stubs.o ABSOLUTE
    _printf_mbtowc                           0x00000000   Number         0  stubs.o ABSOLUTE
    _printf_n                                0x00000000   Number         0  stubs.o ABSOLUTE
    _printf_o                                0x00000000   Number         0  stubs.o ABSOLUTE
    _printf_p                                0x00000000   Number         0  stubs.o ABSOLUTE
    _printf_percent                          0x00000000   Number         0  stubs.o ABSOLUTE
    _printf_pre_padding                      0x00000000   Number         0  stubs.o ABSOLUTE
    _printf_return_value                     0x00000000   Number         0  stubs.o ABSOLUTE
    _printf_s                                0x00000000   Number         0  stubs.o ABSOLUTE
    _printf_sizespec                         0x00000000   Number         0  stubs.o ABSOLUTE
    _printf_str                              0x00000000   Number         0  stubs.o ABSOLUTE
    _printf_truncate_signed                  0x00000000   Number         0  stubs.o ABSOLUTE
    _printf_truncate_unsigned                0x00000000   Number         0  stubs.o ABSOLUTE
    _printf_u                                0x00000000   Number         0  stubs.o ABSOLUTE
    _printf_wc                               0x00000000   Number         0  stubs.o ABSOLUTE
    _printf_wctomb                           0x00000000   Number         0  stubs.o ABSOLUTE
    _printf_widthprec                        0x00000000   Number         0  stubs.o ABSOLUTE
    _printf_x                                0x00000000   Number         0  stubs.o ABSOLUTE
    __cpp_initialize__aeabi_                  - Undefined Weak Reference
    __cxa_finalize                            - Undefined Weak Reference
    __decompress                              - Undefined Weak Reference
    _clock_init                               - Undefined Weak Reference
    _microlib_exit                            - Undefined Weak Reference
    __Vectors_Size                           0x000000ec   Number         0  startup_stm32f103xb.o ABSOLUTE
    __Vectors                                0x08000000   Data           4  startup_stm32f103xb.o(RESET)
    __Vectors_End                            0x080000ec   Data           0  startup_stm32f103xb.o(RESET)
    __main                                   0x080000ed   Thumb Code     0  entry.o(.ARM.Collect$$$$00000000)
    _main_stk                                0x080000ed   Thumb Code     0  entry2.o(.ARM.Collect$$$$00000001)
    _main_scatterload                        0x080000f1   Thumb Code     0  entry5.o(.ARM.Collect$$$$00000004)
    __main_after_scatterload                 0x080000f5   Thumb Code     0  entry5.o(.ARM.Collect$$$$00000004)
    _main_clock                              0x080000f5   Thumb Code     0  entry7b.o(.ARM.Collect$$$$00000008)
    _main_cpp_init                           0x080000f5   Thumb Code     0  entry8b.o(.ARM.Collect$$$$0000000A)
    _main_init                               0x080000f5   Thumb Code     0  entry9a.o(.ARM.Collect$$$$0000000B)
    __rt_final_cpp                           0x080000fd   Thumb Code     0  entry10a.o(.ARM.Collect$$$$0000000D)
    __rt_final_exit                          0x080000fd   Thumb Code     0  entry11a.o(.ARM.Collect$$$$0000000F)
    Reset_Handler                            0x08000101   Thumb Code     8  startup_stm32f103xb.o(.text)
    ADC1_2_IRQHandler                        0x0800011b   Thumb Code     0  startup_stm32f103xb.o(.text)
    CAN1_RX1_IRQHandler                      0x0800011b   Thumb Code     0  startup_stm32f103xb.o(.text)
    CAN1_SCE_IRQHandler                      0x0800011b   Thumb Code     0  startup_stm32f103xb.o(.text)
    DMA1_Channel1_IRQHandler                 0x0800011b   Thumb Code     0  startup_stm32f103xb.o(.text)
    EXTI0_IRQHandler                         0x0800011b   Thumb Code     0  startup_stm32f103xb.o(.text)
    EXTI15_10_IRQHandler                     0x0800011b   Thumb Code     0  startup_stm32f103xb.o(.text)
    EXTI1_IRQHandler                         0x0800011b   Thumb Code     0  startup_stm32f103xb.o(.text)
    EXTI2_IRQHandler                         0x0800011b   Thumb Code     0  startup_stm32f103xb.o(.text)
    EXTI3_IRQHandler                         0x0800011b   Thumb Code     0  startup_stm32f103xb.o(.text)
    EXTI4_IRQHandler                         0x0800011b   Thumb Code     0  startup_stm32f103xb.o(.text)
    EXTI9_5_IRQHandler                       0x0800011b   Thumb Code     0  startup_stm32f103xb.o(.text)
    FLASH_IRQHandler                         0x0800011b   Thumb Code     0  startup_stm32f103xb.o(.text)
    I2C1_ER_IRQHandler                       0x0800011b   Thumb Code     0  startup_stm32f103xb.o(.text)
    I2C1_EV_IRQHandler                       0x0800011b   Thumb Code     0  startup_stm32f103xb.o(.text)
    I2C2_ER_IRQHandler                       0x0800011b   Thumb Code     0  startup_stm32f103xb.o(.text)
    I2C2_EV_IRQHandler                       0x0800011b   Thumb Code     0  startup_stm32f103xb.o(.text)
    PVD_IRQHandler                           0x0800011b   Thumb Code     0  startup_stm32f103xb.o(.text)
    RCC_IRQHandler                           0x0800011b   Thumb Code     0  startup_stm32f103xb.o(.text)
    RTC_Alarm_IRQHandler                     0x0800011b   Thumb Code     0  startup_stm32f103xb.o(.text)
    RTC_IRQHandler                           0x0800011b   Thumb Code     0  startup_stm32f103xb.o(.text)
    SPI1_IRQHandler                          0x0800011b   Thumb Code     0  startup_stm32f103xb.o(.text)
    SPI2_IRQHandler                          0x0800011b   Thumb Code     0  startup_stm32f103xb.o(.text)
    TAMPER_IRQHandler                        0x0800011b   Thumb Code     0  startup_stm32f103xb.o(.text)
    TIM1_BRK_IRQHandler                      0x0800011b   Thumb Code     0  startup_stm32f103xb.o(.text)
    TIM1_CC_IRQHandler                       0x0800011b   Thumb Code     0  startup_stm32f103xb.o(.text)
    TIM1_TRG_COM_IRQHandler                  0x0800011b   Thumb Code     0  startup_stm32f103xb.o(.text)
    TIM1_UP_IRQHandler                       0x0800011b   Thumb Code     0  startup_stm32f103xb.o(.text)
    TIM2_IRQHandler                          0x0800011b   Thumb Code     0  startup_stm32f103xb.o(.text)
    USBWakeUp_IRQHandler                     0x0800011b   Thumb Code     0  startup_stm32f103xb.o(.text)
    USB_HP_CAN1_TX_IRQHandler                0x0800011b   Thumb Code     0  startup_stm32f103xb.o(.text)
    USB_LP_CAN1_RX0_IRQHandler               0x0800011b   Thumb Code     0  startup_stm32f103xb.o(.text)
    WWDG_IRQHandler                          0x0800011b   Thumb Code     0  startup_stm32f103xb.o(.text)
    __aeabi_llsr                             0x08000125   Thumb Code    32  llushr.o(.text)
    _ll_ushift_r                             0x08000125   Thumb Code     0  llushr.o(.text)
    __aeabi_memset                           0x08000145   Thumb Code    14  memseta.o(.text)
    __aeabi_memset4                          0x08000145   Thumb Code     0  memseta.o(.text)
    __aeabi_memset8                          0x08000145   Thumb Code     0  memseta.o(.text)
    __aeabi_memclr                           0x08000153   Thumb Code     4  memseta.o(.text)
    __aeabi_memclr4                          0x08000153   Thumb Code     0  memseta.o(.text)
    __aeabi_memclr8                          0x08000153   Thumb Code     0  memseta.o(.text)
    _memset$wrapper                          0x08000157   Thumb Code    18  memseta.o(.text)
    strcpy                                   0x08000169   Thumb Code    18  strcpy.o(.text)
    strtok                                   0x0800017d   Thumb Code    62  strtok.o(.text)
    atoi                                     0x080001c1   Thumb Code    26  atoi.o(.text)
    __aeabi_dadd                             0x080001db   Thumb Code   322  dadd.o(.text)
    __aeabi_dsub                             0x0800031d   Thumb Code     6  dadd.o(.text)
    __aeabi_drsub                            0x08000323   Thumb Code     6  dadd.o(.text)
    __aeabi_dmul                             0x08000329   Thumb Code   228  dmul.o(.text)
    __aeabi_i2d                              0x0800040d   Thumb Code    34  dflti.o(.text)
    __aeabi_ui2d                             0x0800042f   Thumb Code    26  dfltui.o(.text)
    __aeabi_f2uiz                            0x08000449   Thumb Code    40  ffixui.o(.text)
    __aeabi_d2iz                             0x08000471   Thumb Code    62  dfixi.o(.text)
    __aeabi_d2f                              0x080004af   Thumb Code    56  d2f.o(.text)
    __aeabi_uidiv                            0x080004e7   Thumb Code     0  uidiv.o(.text)
    __aeabi_uidivmod                         0x080004e7   Thumb Code    44  uidiv.o(.text)
    __aeabi_llsl                             0x08000513   Thumb Code    30  llshl.o(.text)
    _ll_shift_l                              0x08000513   Thumb Code     0  llshl.o(.text)
    __aeabi_lasr                             0x08000531   Thumb Code    36  llsshr.o(.text)
    _ll_sshift_r                             0x08000531   Thumb Code     0  llsshr.o(.text)
    __strtod_int                             0x0800058b   Thumb Code    90  strtod.o(.text)
    strtol                                   0x080005f1   Thumb Code   112  strtol.o(.text)
    __I$use$fp                               0x08000661   Thumb Code     0  iusefp.o(.text)
    _float_round                             0x08000661   Thumb Code    18  fepilogue.o(.text)
    _float_epilogue                          0x08000673   Thumb Code    92  fepilogue.o(.text)
    _double_round                            0x080006cf   Thumb Code    30  depilogue.o(.text)
    _double_epilogue                         0x080006ed   Thumb Code   156  depilogue.o(.text)
    __aeabi_ddiv                             0x08000789   Thumb Code   222  ddiv.o(.text)
    __scatterload                            0x08000869   Thumb Code    28  init.o(.text)
    __scatterload_rt2                        0x08000869   Thumb Code     0  init.o(.text)
    __rt_ctype_table                         0x0800088d   Thumb Code     4  ctype_o.o(.text)
    isspace                                  0x08000895   Thumb Code    18  isspace_o.o(.text)
    _scanf_real                              0x080009d1   Thumb Code     0  scanf_fp.o(.text)
    _scanf_really_real                       0x080009d1   Thumb Code   556  scanf_fp.o(.text)
    _sgetc                                   0x08000c09   Thumb Code    30  _sgetc.o(.text)
    _sbackspace                              0x08000c27   Thumb Code    34  _sgetc.o(.text)
    _strtoul                                 0x08000c49   Thumb Code   158  _strtoul.o(.text)
    _chval                                   0x08000ce7   Thumb Code    28  _chval.o(.text)
    __aeabi_ul2d                             0x08000d03   Thumb Code    24  dfltul.o(.text)
    AnalyzeInstruction                       0x08000d1b   Thumb Code    28  main.o(i.AnalyzeInstruction)
    AnalyzeInstruction_MatrixKey             0x08000d39   Thumb Code   122  main.o(i.AnalyzeInstruction_MatrixKey)
    AnalyzeInstruction_USART1                0x08000dc1   Thumb Code   204  main.o(i.AnalyzeInstruction_USART1)
    AnalyzeInstruction_USART3                0x08000e95   Thumb Code    68  main.o(i.AnalyzeInstruction_USART3)
    BusFault_Handler                         0x08000eed   Thumb Code     2  stm32f1xx_it.o(i.BusFault_Handler)
    CalPitchAngle                            0x08000ef1   Thumb Code    50  main.o(i.CalPitchAngle)
    DMA1_Channel2_IRQHandler                 0x08000f3d   Thumb Code     6  stm32f1xx_it.o(i.DMA1_Channel2_IRQHandler)
    DMA1_Channel3_IRQHandler                 0x08000f49   Thumb Code     6  stm32f1xx_it.o(i.DMA1_Channel3_IRQHandler)
    DMA1_Channel4_IRQHandler                 0x08000f55   Thumb Code     6  stm32f1xx_it.o(i.DMA1_Channel4_IRQHandler)
    DMA1_Channel5_IRQHandler                 0x08000f61   Thumb Code     6  stm32f1xx_it.o(i.DMA1_Channel5_IRQHandler)
    DMA1_Channel6_IRQHandler                 0x08000f6d   Thumb Code     6  stm32f1xx_it.o(i.DMA1_Channel6_IRQHandler)
    DMA1_Channel7_IRQHandler                 0x08000f79   Thumb Code     6  stm32f1xx_it.o(i.DMA1_Channel7_IRQHandler)
    DebugMon_Handler                         0x08000faf   Thumb Code     2  stm32f1xx_it.o(i.DebugMon_Handler)
    Error_Handler                            0x08000fb1   Thumb Code     2  main.o(i.Error_Handler)
    Get_Distance                             0x08000fb5   Thumb Code    26  bsp_laserdistance.o(i.Get_Distance)
    Get_Pitch_ServoAngle                     0x08000fdd   Thumb Code     8  bsp_servo.o(i.Get_Pitch_ServoAngle)
    Get_Yaw_ServoAngle                       0x08000fe5   Thumb Code     6  bsp_servo.o(i.Get_Yaw_ServoAngle)
    HAL_DMA_Abort                            0x08000feb   Thumb Code    70  stm32f1xx_hal_dma.o(i.HAL_DMA_Abort)
    HAL_DMA_Abort_IT                         0x08001031   Thumb Code   148  stm32f1xx_hal_dma.o(i.HAL_DMA_Abort_IT)
    HAL_DMA_IRQHandler                       0x080010c9   Thumb Code   316  stm32f1xx_hal_dma.o(i.HAL_DMA_IRQHandler)
    HAL_DMA_Init                             0x0800121d   Thumb Code    84  stm32f1xx_hal_dma.o(i.HAL_DMA_Init)
    HAL_DMA_Start_IT                         0x08001279   Thumb Code   112  stm32f1xx_hal_dma.o(i.HAL_DMA_Start_IT)
    HAL_Delay                                0x080012e9   Thumb Code    32  stm32f1xx_hal.o(i.HAL_Delay)
    HAL_GPIO_Init                            0x0800130d   Thumb Code   446  stm32f1xx_hal_gpio.o(i.HAL_GPIO_Init)
    HAL_GPIO_ReadPin                         0x080014ed   Thumb Code    10  stm32f1xx_hal_gpio.o(i.HAL_GPIO_ReadPin)
    HAL_GPIO_WritePin                        0x080014f7   Thumb Code    10  stm32f1xx_hal_gpio.o(i.HAL_GPIO_WritePin)
    HAL_GetTick                              0x08001501   Thumb Code     6  stm32f1xx_hal.o(i.HAL_GetTick)
    HAL_IncTick                              0x0800150d   Thumb Code    12  stm32f1xx_hal.o(i.HAL_IncTick)
    HAL_Init                                 0x0800151d   Thumb Code    32  stm32f1xx_hal.o(i.HAL_Init)
    HAL_InitTick                             0x08001541   Thumb Code    54  stm32f1xx_hal.o(i.HAL_InitTick)
    HAL_MspInit                              0x08001581   Thumb Code    58  stm32f1xx_hal_msp.o(i.HAL_MspInit)
    HAL_NVIC_EnableIRQ                       0x080015c5   Thumb Code    26  stm32f1xx_hal_cortex.o(i.HAL_NVIC_EnableIRQ)
    HAL_NVIC_SetPriority                     0x080015e1   Thumb Code    60  stm32f1xx_hal_cortex.o(i.HAL_NVIC_SetPriority)
    HAL_NVIC_SetPriorityGrouping             0x08001621   Thumb Code    26  stm32f1xx_hal_cortex.o(i.HAL_NVIC_SetPriorityGrouping)
    HAL_RCC_ClockConfig                      0x08001645   Thumb Code   280  stm32f1xx_hal_rcc.o(i.HAL_RCC_ClockConfig)
    HAL_RCC_GetPCLK1Freq                     0x08001771   Thumb Code    20  stm32f1xx_hal_rcc.o(i.HAL_RCC_GetPCLK1Freq)
    HAL_RCC_GetPCLK2Freq                     0x08001791   Thumb Code    20  stm32f1xx_hal_rcc.o(i.HAL_RCC_GetPCLK2Freq)
    HAL_RCC_GetSysClockFreq                  0x080017b1   Thumb Code    74  stm32f1xx_hal_rcc.o(i.HAL_RCC_GetSysClockFreq)
    HAL_RCC_OscConfig                        0x0800181d   Thumb Code   778  stm32f1xx_hal_rcc.o(i.HAL_RCC_OscConfig)
    HAL_SYSTICK_Config                       0x08001b3d   Thumb Code    40  stm32f1xx_hal_cortex.o(i.HAL_SYSTICK_Config)
    HAL_TIMEx_BreakCallback                  0x08001b65   Thumb Code     2  stm32f1xx_hal_tim_ex.o(i.HAL_TIMEx_BreakCallback)
    HAL_TIMEx_CommutCallback                 0x08001b67   Thumb Code     2  stm32f1xx_hal_tim_ex.o(i.HAL_TIMEx_CommutCallback)
    HAL_TIMEx_MasterConfigSynchronization    0x08001b69   Thumb Code    92  stm32f1xx_hal_tim_ex.o(i.HAL_TIMEx_MasterConfigSynchronization)
    HAL_TIM_Base_Init                        0x08001bd1   Thumb Code    90  stm32f1xx_hal_tim.o(i.HAL_TIM_Base_Init)
    HAL_TIM_Base_MspInit                     0x08001c2d   Thumb Code    86  tim.o(i.HAL_TIM_Base_MspInit)
    HAL_TIM_Base_Start_IT                    0x08001c91   Thumb Code    76  stm32f1xx_hal_tim.o(i.HAL_TIM_Base_Start_IT)
    HAL_TIM_ConfigClockSource                0x08001ce9   Thumb Code   214  stm32f1xx_hal_tim.o(i.HAL_TIM_ConfigClockSource)
    HAL_TIM_IC_CaptureCallback               0x08001dbf   Thumb Code     2  stm32f1xx_hal_tim.o(i.HAL_TIM_IC_CaptureCallback)
    HAL_TIM_IRQHandler                       0x08001dc1   Thumb Code   358  stm32f1xx_hal_tim.o(i.HAL_TIM_IRQHandler)
    HAL_TIM_MspPostInit                      0x08001f29   Thumb Code    62  tim.o(i.HAL_TIM_MspPostInit)
    HAL_TIM_OC_DelayElapsedCallback          0x08001f75   Thumb Code     2  stm32f1xx_hal_tim.o(i.HAL_TIM_OC_DelayElapsedCallback)
    HAL_TIM_PWM_ConfigChannel                0x08001f77   Thumb Code   198  stm32f1xx_hal_tim.o(i.HAL_TIM_PWM_ConfigChannel)
    HAL_TIM_PWM_Init                         0x0800203d   Thumb Code    90  stm32f1xx_hal_tim.o(i.HAL_TIM_PWM_Init)
    HAL_TIM_PWM_MspInit                      0x08002097   Thumb Code     2  stm32f1xx_hal_tim.o(i.HAL_TIM_PWM_MspInit)
    HAL_TIM_PWM_PulseFinishedCallback        0x08002099   Thumb Code     2  stm32f1xx_hal_tim.o(i.HAL_TIM_PWM_PulseFinishedCallback)
    HAL_TIM_PWM_Start                        0x0800209d   Thumb Code   144  stm32f1xx_hal_tim.o(i.HAL_TIM_PWM_Start)
    HAL_TIM_PeriodElapsedCallback            0x08002139   Thumb Code    96  main.o(i.HAL_TIM_PeriodElapsedCallback)
    HAL_TIM_TriggerCallback                  0x080021d9   Thumb Code     2  stm32f1xx_hal_tim.o(i.HAL_TIM_TriggerCallback)
    HAL_UART_DMAStop                         0x080021db   Thumb Code    88  stm32f1xx_hal_uart.o(i.HAL_UART_DMAStop)
    HAL_UART_ErrorCallback                   0x08002233   Thumb Code     2  stm32f1xx_hal_uart.o(i.HAL_UART_ErrorCallback)
    HAL_UART_IRQHandler                      0x08002235   Thumb Code   344  stm32f1xx_hal_uart.o(i.HAL_UART_IRQHandler)
    HAL_UART_Init                            0x08002391   Thumb Code    98  stm32f1xx_hal_uart.o(i.HAL_UART_Init)
    HAL_UART_MspInit                         0x080023f5   Thumb Code   624  usart.o(i.HAL_UART_MspInit)
    HAL_UART_Receive_DMA                     0x08002689   Thumb Code   138  stm32f1xx_hal_uart.o(i.HAL_UART_Receive_DMA)
    HAL_UART_RxCpltCallback                  0x08002721   Thumb Code     2  stm32f1xx_hal_uart.o(i.HAL_UART_RxCpltCallback)
    HAL_UART_RxHalfCpltCallback              0x08002723   Thumb Code     2  stm32f1xx_hal_uart.o(i.HAL_UART_RxHalfCpltCallback)
    HAL_UART_Transmit                        0x08002725   Thumb Code   178  stm32f1xx_hal_uart.o(i.HAL_UART_Transmit)
    HAL_UART_TxCpltCallback                  0x080027d7   Thumb Code     2  stm32f1xx_hal_uart.o(i.HAL_UART_TxCpltCallback)
    Handle_UART_Data                         0x080027d9   Thumb Code   222  main.o(i.Handle_UART_Data)
    HardFault_Handler                        0x080028dd   Thumb Code     2  stm32f1xx_it.o(i.HardFault_Handler)
    Key_Row_Scan                             0x080028e1   Thumb Code   104  bsp_matrixkey.o(i.Key_Row_Scan)
    Key_Scan                                 0x0800294d   Thumb Code   196  bsp_matrixkey.o(i.Key_Scan)
    Key_ScanChar                             0x08002a15   Thumb Code   100  bsp_matrixkey.o(i.Key_ScanChar)
    MX_DMA_Init                              0x08002a79   Thumb Code   120  dma.o(i.MX_DMA_Init)
    MX_GPIO_Init                             0x08002af5   Thumb Code   204  gpio.o(i.MX_GPIO_Init)
    MX_TIM3_Init                             0x08002bd1   Thumb Code   162  tim.o(i.MX_TIM3_Init)
    MX_TIM4_Init                             0x08002c7d   Thumb Code    98  tim.o(i.MX_TIM4_Init)
    MX_USART1_UART_Init                      0x08002ce9   Thumb Code    48  usart.o(i.MX_USART1_UART_Init)
    MX_USART2_UART_Init                      0x08002d21   Thumb Code    48  usart.o(i.MX_USART2_UART_Init)
    MX_USART3_UART_Init                      0x08002d59   Thumb Code    48  usart.o(i.MX_USART3_UART_Init)
    MemManage_Handler                        0x08002d91   Thumb Code     2  stm32f1xx_it.o(i.MemManage_Handler)
    NMI_Handler                              0x08002d93   Thumb Code     2  stm32f1xx_it.o(i.NMI_Handler)
    PendSV_Handler                           0x08002d95   Thumb Code     2  stm32f1xx_it.o(i.PendSV_Handler)
    ProcessMatrixKeyData                     0x08002d99   Thumb Code   162  main.o(i.ProcessMatrixKeyData)
    SVC_Handler                              0x08002e49   Thumb Code     2  stm32f1xx_it.o(i.SVC_Handler)
    Servo_Control                            0x08002e4d   Thumb Code    34  bsp_servo.o(i.Servo_Control)
    SysTick_Handler                          0x08002e7d   Thumb Code     4  stm32f1xx_it.o(i.SysTick_Handler)
    SystemClock_Config                       0x08002e81   Thumb Code    78  main.o(i.SystemClock_Config)
    SystemInit                               0x08002ecf   Thumb Code     2  system_stm32f1xx.o(i.SystemInit)
    TIM3_IRQHandler                          0x08002ed1   Thumb Code     6  stm32f1xx_it.o(i.TIM3_IRQHandler)
    TIM4_IRQHandler                          0x08002edd   Thumb Code     6  stm32f1xx_it.o(i.TIM4_IRQHandler)
    TIM_Base_SetConfig                       0x08002ee9   Thumb Code    94  stm32f1xx_hal_tim.o(i.TIM_Base_SetConfig)
    TIM_CCxChannelCmd                        0x08002f55   Thumb Code    26  stm32f1xx_hal_tim.o(i.TIM_CCxChannelCmd)
    TIM_ETR_SetConfig                        0x08002f6f   Thumb Code    20  stm32f1xx_hal_tim.o(i.TIM_ETR_SetConfig)
    TIM_OC2_SetConfig                        0x08002fe5   Thumb Code    84  stm32f1xx_hal_tim.o(i.TIM_OC2_SetConfig)
    USART1_IRQHandler                        0x08003395   Thumb Code    60  stm32f1xx_it.o(i.USART1_IRQHandler)
    USART2_IRQHandler                        0x080033e1   Thumb Code    62  stm32f1xx_it.o(i.USART2_IRQHandler)
    USART3_IRQHandler                        0x08003431   Thumb Code    64  stm32f1xx_it.o(i.USART3_IRQHandler)
    UsageFault_Handler                       0x08003485   Thumb Code     2  stm32f1xx_it.o(i.UsageFault_Handler)
    __0printf$3                              0x08003489   Thumb Code    22  printf3.o(i.__0printf$3)
    __1printf$3                              0x08003489   Thumb Code     0  printf3.o(i.__0printf$3)
    __2printf                                0x08003489   Thumb Code     0  printf3.o(i.__0printf$3)
    __0sprintf$3                             0x080034a9   Thumb Code    34  printf3.o(i.__0sprintf$3)
    __1sprintf$3                             0x080034a9   Thumb Code     0  printf3.o(i.__0sprintf$3)
    __2sprintf                               0x080034a9   Thumb Code     0  printf3.o(i.__0sprintf$3)
    __aeabi_errno_addr                       0x080034f1   Thumb Code     4  errno.o(i.__aeabi_errno_addr)
    __rt_errno_addr                          0x080034f1   Thumb Code     0  errno.o(i.__aeabi_errno_addr)
    __read_errno                             0x080034f9   Thumb Code     6  errno.o(i.__read_errno)
    __scatterload_copy                       0x08003505   Thumb Code    14  handlers.o(i.__scatterload_copy)
    __scatterload_null                       0x08003513   Thumb Code     2  handlers.o(i.__scatterload_null)
    __scatterload_zeroinit                   0x08003515   Thumb Code    14  handlers.o(i.__scatterload_zeroinit)
    __set_errno                              0x08003525   Thumb Code     6  errno.o(i.__set_errno)
    _is_digit                                0x08003531   Thumb Code    14  scanf_fp.o(i._is_digit)
    atof                                     0x08003703   Thumb Code    42  atof.o(i.atof)
    fputc                                    0x0800372d   Thumb Code    20  usart.o(i.fputc)
    main                                     0x08003745   Thumb Code   170  main.o(i.main)
    AHBPrescTable                            0x08003810   Data          16  system_stm32f1xx.o(.constdata)
    APBPrescTable                            0x08003820   Data           8  system_stm32f1xx.o(.constdata)
    __ctype_table                            0x08003828   Data         129  ctype_o.o(.constdata)
    Region$$Table$$Base                      0x080038b0   Number         0  anon$$obj.o(Region$$Table)
    Region$$Table$$Limit                     0x080038d0   Number         0  anon$$obj.o(Region$$Table)
    rx1_len                                  0x20000000   Data           1  main.o(.data)
    rx2_len                                  0x20000001   Data           1  main.o(.data)
    rx3_len                                  0x20000002   Data           1  main.o(.data)
    recv1_end_flag                           0x20000003   Data           1  main.o(.data)
    recv2_end_flag                           0x20000004   Data           1  main.o(.data)
    recv3_end_flag                           0x20000005   Data           1  main.o(.data)
    matrixkey_temp                           0x20000006   Data           1  main.o(.data)
    pitch                                    0x20000008   Data           4  main.o(.data)
    yaw                                      0x2000000c   Data           4  main.o(.data)
    distance                                 0x20000010   Data           4  main.o(.data)
    pitch_buffer                             0x20000014   Data           5  main.o(.data)
    yaw_buffer                               0x20000019   Data           5  main.o(.data)
    distance_buffer                          0x2000001e   Data           5  main.o(.data)
    laserdistance_recv                       0x20000023   Data           1  main.o(.data)
    uwTickFreq                               0x20000024   Data           1  stm32f1xx_hal.o(.data)
    uwTickPrio                               0x20000028   Data           4  stm32f1xx_hal.o(.data)
    uwTick                                   0x2000002c   Data           4  stm32f1xx_hal.o(.data)
    SystemCoreClock                          0x20000030   Data           4  system_stm32f1xx.o(.data)
    __stdout                                 0x20000038   Data           4  stdout.o(.data)
    rx1_buffer                               0x20000040   Data         200  main.o(.bss)
    rx2_buffer                               0x20000108   Data         200  main.o(.bss)
    rx3_buffer                               0x200001d0   Data         200  main.o(.bss)
    matrixkey_buffer                         0x20000298   Data         201  main.o(.bss)
    htim3                                    0x20000364   Data          72  tim.o(.bss)
    htim4                                    0x200003ac   Data          72  tim.o(.bss)
    huart1                                   0x200003f4   Data          64  usart.o(.bss)
    huart2                                   0x20000434   Data          64  usart.o(.bss)
    huart3                                   0x20000474   Data          64  usart.o(.bss)
    hdma_usart1_rx                           0x200004b4   Data          68  usart.o(.bss)
    hdma_usart1_tx                           0x200004f8   Data          68  usart.o(.bss)
    hdma_usart2_rx                           0x2000053c   Data          68  usart.o(.bss)
    hdma_usart2_tx                           0x20000580   Data          68  usart.o(.bss)
    hdma_usart3_rx                           0x200005c4   Data          68  usart.o(.bss)
    hdma_usart3_tx                           0x20000608   Data          68  usart.o(.bss)
    cmd_buffer                               0x2000064c   Data         200  bsp_laserdistance.o(.bss)
    __initial_sp                             0x20000b18   Data           0  startup_stm32f103xb.o(STACK)



==============================================================================

Memory Map of the image

  Image Entry point : 0x080000ed

  Load Region LR_IROM1 (Base: 0x08000000, Size: 0x00003910, Max: 0x00010000, ABSOLUTE)

    Execution Region ER_IROM1 (Exec base: 0x08000000, Load base: 0x08000000, Size: 0x000038d0, Max: 0x00010000, ABSOLUTE)

    Exec Addr    Load Addr    Size         Type   Attr      Idx    E Section Name        Object

    0x08000000   0x08000000   0x000000ec   Data   RO            3    RESET               startup_stm32f103xb.o
    0x080000ec   0x080000ec   0x00000000   Code   RO         3016  * .ARM.Collect$$$$00000000  mc_w.l(entry.o)
    0x080000ec   0x080000ec   0x00000004   Code   RO         3308    .ARM.Collect$$$$00000001  mc_w.l(entry2.o)
    0x080000f0   0x080000f0   0x00000004   Code   RO         3311    .ARM.Collect$$$$00000004  mc_w.l(entry5.o)
    0x080000f4   0x080000f4   0x00000000   Code   RO         3313    .ARM.Collect$$$$00000008  mc_w.l(entry7b.o)
    0x080000f4   0x080000f4   0x00000000   Code   RO         3315    .ARM.Collect$$$$0000000A  mc_w.l(entry8b.o)
    0x080000f4   0x080000f4   0x00000008   Code   RO         3316    .ARM.Collect$$$$0000000B  mc_w.l(entry9a.o)
    0x080000fc   0x080000fc   0x00000000   Code   RO         3318    .ARM.Collect$$$$0000000D  mc_w.l(entry10a.o)
    0x080000fc   0x080000fc   0x00000000   Code   RO         3320    .ARM.Collect$$$$0000000F  mc_w.l(entry11a.o)
    0x080000fc   0x080000fc   0x00000004   Code   RO         3309    .ARM.Collect$$$$00002712  mc_w.l(entry2.o)
    0x08000100   0x08000100   0x00000024   Code   RO            4    .text               startup_stm32f103xb.o
    0x08000124   0x08000124   0x00000020   Code   RO         3019    .text               mc_w.l(llushr.o)
    0x08000144   0x08000144   0x00000024   Code   RO         3021    .text               mc_w.l(memseta.o)
    0x08000168   0x08000168   0x00000012   Code   RO         3023    .text               mc_w.l(strcpy.o)
    0x0800017a   0x0800017a   0x00000002   PAD
    0x0800017c   0x0800017c   0x00000044   Code   RO         3025    .text               mc_w.l(strtok.o)
    0x080001c0   0x080001c0   0x0000001a   Code   RO         3292    .text               mc_w.l(atoi.o)
    0x080001da   0x080001da   0x0000014e   Code   RO         3294    .text               mf_w.l(dadd.o)
    0x08000328   0x08000328   0x000000e4   Code   RO         3296    .text               mf_w.l(dmul.o)
    0x0800040c   0x0800040c   0x00000022   Code   RO         3298    .text               mf_w.l(dflti.o)
    0x0800042e   0x0800042e   0x0000001a   Code   RO         3300    .text               mf_w.l(dfltui.o)
    0x08000448   0x08000448   0x00000028   Code   RO         3302    .text               mf_w.l(ffixui.o)
    0x08000470   0x08000470   0x0000003e   Code   RO         3304    .text               mf_w.l(dfixi.o)
    0x080004ae   0x080004ae   0x00000038   Code   RO         3306    .text               mf_w.l(d2f.o)
    0x080004e6   0x080004e6   0x0000002c   Code   RO         3323    .text               mc_w.l(uidiv.o)
    0x08000512   0x08000512   0x0000001e   Code   RO         3327    .text               mc_w.l(llshl.o)
    0x08000530   0x08000530   0x00000024   Code   RO         3329    .text               mc_w.l(llsshr.o)
    0x08000554   0x08000554   0x0000009c   Code   RO         3338    .text               mc_w.l(strtod.o)
    0x080005f0   0x080005f0   0x00000070   Code   RO         3340    .text               mc_w.l(strtol.o)
    0x08000660   0x08000660   0x00000000   Code   RO         3342    .text               mc_w.l(iusefp.o)
    0x08000660   0x08000660   0x0000006e   Code   RO         3343    .text               mf_w.l(fepilogue.o)
    0x080006ce   0x080006ce   0x000000ba   Code   RO         3345    .text               mf_w.l(depilogue.o)
    0x08000788   0x08000788   0x000000de   Code   RO         3347    .text               mf_w.l(ddiv.o)
    0x08000866   0x08000866   0x00000002   PAD
    0x08000868   0x08000868   0x00000024   Code   RO         3353    .text               mc_w.l(init.o)
    0x0800088c   0x0800088c   0x00000008   Code   RO         3357    .text               mc_w.l(ctype_o.o)
    0x08000894   0x08000894   0x00000012   Code   RO         3379    .text               mc_w.l(isspace_o.o)
    0x080008a6   0x080008a6   0x00000002   PAD
    0x080008a8   0x080008a8   0x00000360   Code   RO         3385    .text               mc_w.l(scanf_fp.o)
    0x08000c08   0x08000c08   0x00000040   Code   RO         3389    .text               mc_w.l(_sgetc.o)
    0x08000c48   0x08000c48   0x0000009e   Code   RO         3391    .text               mc_w.l(_strtoul.o)
    0x08000ce6   0x08000ce6   0x0000001c   Code   RO         3396    .text               mc_w.l(_chval.o)
    0x08000d02   0x08000d02   0x00000018   Code   RO         3398    .text               mf_w.l(dfltul.o)
    0x08000d1a   0x08000d1a   0x0000001c   Code   RO           13    i.AnalyzeInstruction  main.o
    0x08000d36   0x08000d36   0x00000002   PAD
    0x08000d38   0x08000d38   0x00000088   Code   RO           14    i.AnalyzeInstruction_MatrixKey  main.o
    0x08000dc0   0x08000dc0   0x000000d4   Code   RO           15    i.AnalyzeInstruction_USART1  main.o
    0x08000e94   0x08000e94   0x00000058   Code   RO           16    i.AnalyzeInstruction_USART3  main.o
    0x08000eec   0x08000eec   0x00000002   Code   RO          396    i.BusFault_Handler  stm32f1xx_it.o
    0x08000eee   0x08000eee   0x00000002   PAD
    0x08000ef0   0x08000ef0   0x0000004c   Code   RO           17    i.CalPitchAngle     main.o
    0x08000f3c   0x08000f3c   0x0000000c   Code   RO          397    i.DMA1_Channel2_IRQHandler  stm32f1xx_it.o
    0x08000f48   0x08000f48   0x0000000c   Code   RO          398    i.DMA1_Channel3_IRQHandler  stm32f1xx_it.o
    0x08000f54   0x08000f54   0x0000000c   Code   RO          399    i.DMA1_Channel4_IRQHandler  stm32f1xx_it.o
    0x08000f60   0x08000f60   0x0000000c   Code   RO          400    i.DMA1_Channel5_IRQHandler  stm32f1xx_it.o
    0x08000f6c   0x08000f6c   0x0000000c   Code   RO          401    i.DMA1_Channel6_IRQHandler  stm32f1xx_it.o
    0x08000f78   0x08000f78   0x0000000c   Code   RO          402    i.DMA1_Channel7_IRQHandler  stm32f1xx_it.o
    0x08000f84   0x08000f84   0x0000002a   Code   RO         2059    i.DMA_SetConfig     stm32f1xx_hal_dma.o
    0x08000fae   0x08000fae   0x00000002   Code   RO          403    i.DebugMon_Handler  stm32f1xx_it.o
    0x08000fb0   0x08000fb0   0x00000002   Code   RO           18    i.Error_Handler     main.o
    0x08000fb2   0x08000fb2   0x00000002   PAD
    0x08000fb4   0x08000fb4   0x00000028   Code   RO          562    i.Get_Distance      bsp_laserdistance.o
    0x08000fdc   0x08000fdc   0x00000008   Code   RO          632    i.Get_Pitch_ServoAngle  bsp_servo.o
    0x08000fe4   0x08000fe4   0x00000006   Code   RO          633    i.Get_Yaw_ServoAngle  bsp_servo.o
    0x08000fea   0x08000fea   0x00000046   Code   RO         2060    i.HAL_DMA_Abort     stm32f1xx_hal_dma.o
    0x08001030   0x08001030   0x00000098   Code   RO         2061    i.HAL_DMA_Abort_IT  stm32f1xx_hal_dma.o
    0x080010c8   0x080010c8   0x00000154   Code   RO         2065    i.HAL_DMA_IRQHandler  stm32f1xx_hal_dma.o
    0x0800121c   0x0800121c   0x0000005c   Code   RO         2066    i.HAL_DMA_Init      stm32f1xx_hal_dma.o
    0x08001278   0x08001278   0x00000070   Code   RO         2070    i.HAL_DMA_Start_IT  stm32f1xx_hal_dma.o
    0x080012e8   0x080012e8   0x00000024   Code   RO         1688    i.HAL_Delay         stm32f1xx_hal.o
    0x0800130c   0x0800130c   0x000001e0   Code   RO         1996    i.HAL_GPIO_Init     stm32f1xx_hal_gpio.o
    0x080014ec   0x080014ec   0x0000000a   Code   RO         1998    i.HAL_GPIO_ReadPin  stm32f1xx_hal_gpio.o
    0x080014f6   0x080014f6   0x0000000a   Code   RO         2000    i.HAL_GPIO_WritePin  stm32f1xx_hal_gpio.o
    0x08001500   0x08001500   0x0000000c   Code   RO         1692    i.HAL_GetTick       stm32f1xx_hal.o
    0x0800150c   0x0800150c   0x00000010   Code   RO         1698    i.HAL_IncTick       stm32f1xx_hal.o
    0x0800151c   0x0800151c   0x00000024   Code   RO         1699    i.HAL_Init          stm32f1xx_hal.o
    0x08001540   0x08001540   0x00000040   Code   RO         1700    i.HAL_InitTick      stm32f1xx_hal.o
    0x08001580   0x08001580   0x00000044   Code   RO          538    i.HAL_MspInit       stm32f1xx_hal_msp.o
    0x080015c4   0x080015c4   0x0000001a   Code   RO         2156    i.HAL_NVIC_EnableIRQ  stm32f1xx_hal_cortex.o
    0x080015de   0x080015de   0x00000002   PAD
    0x080015e0   0x080015e0   0x00000040   Code   RO         2162    i.HAL_NVIC_SetPriority  stm32f1xx_hal_cortex.o
    0x08001620   0x08001620   0x00000024   Code   RO         2163    i.HAL_NVIC_SetPriorityGrouping  stm32f1xx_hal_cortex.o
    0x08001644   0x08001644   0x0000012c   Code   RO         1856    i.HAL_RCC_ClockConfig  stm32f1xx_hal_rcc.o
    0x08001770   0x08001770   0x00000020   Code   RO         1863    i.HAL_RCC_GetPCLK1Freq  stm32f1xx_hal_rcc.o
    0x08001790   0x08001790   0x00000020   Code   RO         1864    i.HAL_RCC_GetPCLK2Freq  stm32f1xx_hal_rcc.o
    0x080017b0   0x080017b0   0x0000006c   Code   RO         1865    i.HAL_RCC_GetSysClockFreq  stm32f1xx_hal_rcc.o
    0x0800181c   0x0800181c   0x00000320   Code   RO         1868    i.HAL_RCC_OscConfig  stm32f1xx_hal_rcc.o
    0x08001b3c   0x08001b3c   0x00000028   Code   RO         2167    i.HAL_SYSTICK_Config  stm32f1xx_hal_cortex.o
    0x08001b64   0x08001b64   0x00000002   Code   RO         1414    i.HAL_TIMEx_BreakCallback  stm32f1xx_hal_tim_ex.o
    0x08001b66   0x08001b66   0x00000002   Code   RO         1415    i.HAL_TIMEx_CommutCallback  stm32f1xx_hal_tim_ex.o
    0x08001b68   0x08001b68   0x00000068   Code   RO         1433    i.HAL_TIMEx_MasterConfigSynchronization  stm32f1xx_hal_tim_ex.o
    0x08001bd0   0x08001bd0   0x0000005a   Code   RO          710    i.HAL_TIM_Base_Init  stm32f1xx_hal_tim.o
    0x08001c2a   0x08001c2a   0x00000002   PAD
    0x08001c2c   0x08001c2c   0x00000064   Code   RO          277    i.HAL_TIM_Base_MspInit  tim.o
    0x08001c90   0x08001c90   0x00000058   Code   RO          715    i.HAL_TIM_Base_Start_IT  stm32f1xx_hal_tim.o
    0x08001ce8   0x08001ce8   0x000000d6   Code   RO          719    i.HAL_TIM_ConfigClockSource  stm32f1xx_hal_tim.o
    0x08001dbe   0x08001dbe   0x00000002   Code   RO          744    i.HAL_TIM_IC_CaptureCallback  stm32f1xx_hal_tim.o
    0x08001dc0   0x08001dc0   0x00000166   Code   RO          758    i.HAL_TIM_IRQHandler  stm32f1xx_hal_tim.o
    0x08001f26   0x08001f26   0x00000002   PAD
    0x08001f28   0x08001f28   0x0000004c   Code   RO          278    i.HAL_TIM_MspPostInit  tim.o
    0x08001f74   0x08001f74   0x00000002   Code   RO          761    i.HAL_TIM_OC_DelayElapsedCallback  stm32f1xx_hal_tim.o
    0x08001f76   0x08001f76   0x000000c6   Code   RO          782    i.HAL_TIM_PWM_ConfigChannel  stm32f1xx_hal_tim.o
    0x0800203c   0x0800203c   0x0000005a   Code   RO          785    i.HAL_TIM_PWM_Init  stm32f1xx_hal_tim.o
    0x08002096   0x08002096   0x00000002   Code   RO          787    i.HAL_TIM_PWM_MspInit  stm32f1xx_hal_tim.o
    0x08002098   0x08002098   0x00000002   Code   RO          788    i.HAL_TIM_PWM_PulseFinishedCallback  stm32f1xx_hal_tim.o
    0x0800209a   0x0800209a   0x00000002   PAD
    0x0800209c   0x0800209c   0x0000009c   Code   RO          790    i.HAL_TIM_PWM_Start  stm32f1xx_hal_tim.o
    0x08002138   0x08002138   0x000000a0   Code   RO           19    i.HAL_TIM_PeriodElapsedCallback  main.o
    0x080021d8   0x080021d8   0x00000002   Code   RO          801    i.HAL_TIM_TriggerCallback  stm32f1xx_hal_tim.o
    0x080021da   0x080021da   0x00000058   Code   RO         2675    i.HAL_UART_DMAStop  stm32f1xx_hal_uart.o
    0x08002232   0x08002232   0x00000002   Code   RO         2677    i.HAL_UART_ErrorCallback  stm32f1xx_hal_uart.o
    0x08002234   0x08002234   0x0000015c   Code   RO         2680    i.HAL_UART_IRQHandler  stm32f1xx_hal_uart.o
    0x08002390   0x08002390   0x00000062   Code   RO         2681    i.HAL_UART_Init     stm32f1xx_hal_uart.o
    0x080023f2   0x080023f2   0x00000002   PAD
    0x080023f4   0x080023f4   0x00000294   Code   RO          331    i.HAL_UART_MspInit  usart.o
    0x08002688   0x08002688   0x00000098   Code   RO         2685    i.HAL_UART_Receive_DMA  stm32f1xx_hal_uart.o
    0x08002720   0x08002720   0x00000002   Code   RO         2687    i.HAL_UART_RxCpltCallback  stm32f1xx_hal_uart.o
    0x08002722   0x08002722   0x00000002   Code   RO         2688    i.HAL_UART_RxHalfCpltCallback  stm32f1xx_hal_uart.o
    0x08002724   0x08002724   0x000000b2   Code   RO         2689    i.HAL_UART_Transmit  stm32f1xx_hal_uart.o
    0x080027d6   0x080027d6   0x00000002   Code   RO         2692    i.HAL_UART_TxCpltCallback  stm32f1xx_hal_uart.o
    0x080027d8   0x080027d8   0x00000104   Code   RO           20    i.Handle_UART_Data  main.o
    0x080028dc   0x080028dc   0x00000002   Code   RO          404    i.HardFault_Handler  stm32f1xx_it.o
    0x080028de   0x080028de   0x00000002   PAD
    0x080028e0   0x080028e0   0x0000006c   Code   RO          593    i.Key_Row_Scan      bsp_matrixkey.o
    0x0800294c   0x0800294c   0x000000c8   Code   RO          594    i.Key_Scan          bsp_matrixkey.o
    0x08002a14   0x08002a14   0x00000064   Code   RO          595    i.Key_ScanChar      bsp_matrixkey.o
    0x08002a78   0x08002a78   0x0000007c   Code   RO          252    i.MX_DMA_Init       dma.o
    0x08002af4   0x08002af4   0x000000dc   Code   RO          228    i.MX_GPIO_Init      gpio.o
    0x08002bd0   0x08002bd0   0x000000ac   Code   RO          279    i.MX_TIM3_Init      tim.o
    0x08002c7c   0x08002c7c   0x0000006c   Code   RO          280    i.MX_TIM4_Init      tim.o
    0x08002ce8   0x08002ce8   0x00000038   Code   RO          332    i.MX_USART1_UART_Init  usart.o
    0x08002d20   0x08002d20   0x00000038   Code   RO          333    i.MX_USART2_UART_Init  usart.o
    0x08002d58   0x08002d58   0x00000038   Code   RO          334    i.MX_USART3_UART_Init  usart.o
    0x08002d90   0x08002d90   0x00000002   Code   RO          405    i.MemManage_Handler  stm32f1xx_it.o
    0x08002d92   0x08002d92   0x00000002   Code   RO          406    i.NMI_Handler       stm32f1xx_it.o
    0x08002d94   0x08002d94   0x00000002   Code   RO          407    i.PendSV_Handler    stm32f1xx_it.o
    0x08002d96   0x08002d96   0x00000002   PAD
    0x08002d98   0x08002d98   0x000000b0   Code   RO           21    i.ProcessMatrixKeyData  main.o
    0x08002e48   0x08002e48   0x00000002   Code   RO          408    i.SVC_Handler       stm32f1xx_it.o
    0x08002e4a   0x08002e4a   0x00000002   PAD
    0x08002e4c   0x08002e4c   0x00000030   Code   RO          634    i.Servo_Control     bsp_servo.o
    0x08002e7c   0x08002e7c   0x00000004   Code   RO          409    i.SysTick_Handler   stm32f1xx_it.o
    0x08002e80   0x08002e80   0x0000004e   Code   RO           22    i.SystemClock_Config  main.o
    0x08002ece   0x08002ece   0x00000002   Code   RO         2978    i.SystemInit        system_stm32f1xx.o
    0x08002ed0   0x08002ed0   0x0000000c   Code   RO          410    i.TIM3_IRQHandler   stm32f1xx_it.o
    0x08002edc   0x08002edc   0x0000000c   Code   RO          411    i.TIM4_IRQHandler   stm32f1xx_it.o
    0x08002ee8   0x08002ee8   0x0000006c   Code   RO          803    i.TIM_Base_SetConfig  stm32f1xx_hal_tim.o
    0x08002f54   0x08002f54   0x0000001a   Code   RO          804    i.TIM_CCxChannelCmd  stm32f1xx_hal_tim.o
    0x08002f6e   0x08002f6e   0x00000014   Code   RO          814    i.TIM_ETR_SetConfig  stm32f1xx_hal_tim.o
    0x08002f82   0x08002f82   0x00000010   Code   RO          815    i.TIM_ITRx_SetConfig  stm32f1xx_hal_tim.o
    0x08002f92   0x08002f92   0x00000002   PAD
    0x08002f94   0x08002f94   0x00000050   Code   RO          816    i.TIM_OC1_SetConfig  stm32f1xx_hal_tim.o
    0x08002fe4   0x08002fe4   0x00000058   Code   RO          817    i.TIM_OC2_SetConfig  stm32f1xx_hal_tim.o
    0x0800303c   0x0800303c   0x00000058   Code   RO          818    i.TIM_OC3_SetConfig  stm32f1xx_hal_tim.o
    0x08003094   0x08003094   0x00000044   Code   RO          819    i.TIM_OC4_SetConfig  stm32f1xx_hal_tim.o
    0x080030d8   0x080030d8   0x00000022   Code   RO          821    i.TIM_TI1_ConfigInputStage  stm32f1xx_hal_tim.o
    0x080030fa   0x080030fa   0x00000024   Code   RO          823    i.TIM_TI2_ConfigInputStage  stm32f1xx_hal_tim.o
    0x0800311e   0x0800311e   0x00000010   Code   RO         2694    i.UART_DMAAbortOnError  stm32f1xx_hal_uart.o
    0x0800312e   0x0800312e   0x0000004a   Code   RO         2695    i.UART_DMAError     stm32f1xx_hal_uart.o
    0x08003178   0x08003178   0x0000003c   Code   RO         2696    i.UART_DMAReceiveCplt  stm32f1xx_hal_uart.o
    0x080031b4   0x080031b4   0x0000000a   Code   RO         2698    i.UART_DMARxHalfCplt  stm32f1xx_hal_uart.o
    0x080031be   0x080031be   0x0000001c   Code   RO         2704    i.UART_EndRxTransfer  stm32f1xx_hal_uart.o
    0x080031da   0x080031da   0x00000012   Code   RO         2705    i.UART_EndTxTransfer  stm32f1xx_hal_uart.o
    0x080031ec   0x080031ec   0x0000008c   Code   RO         2706    i.UART_Receive_IT   stm32f1xx_hal_uart.o
    0x08003278   0x08003278   0x000000b8   Code   RO         2707    i.UART_SetConfig    stm32f1xx_hal_uart.o
    0x08003330   0x08003330   0x00000064   Code   RO         2708    i.UART_WaitOnFlagUntilTimeout  stm32f1xx_hal_uart.o
    0x08003394   0x08003394   0x0000004c   Code   RO          412    i.USART1_IRQHandler  stm32f1xx_it.o
    0x080033e0   0x080033e0   0x00000050   Code   RO          413    i.USART2_IRQHandler  stm32f1xx_it.o
    0x08003430   0x08003430   0x00000054   Code   RO          414    i.USART3_IRQHandler  stm32f1xx_it.o
    0x08003484   0x08003484   0x00000002   Code   RO          415    i.UsageFault_Handler  stm32f1xx_it.o
    0x08003486   0x08003486   0x00000002   PAD
    0x08003488   0x08003488   0x00000020   Code   RO         3120    i.__0printf$3       mc_w.l(printf3.o)
    0x080034a8   0x080034a8   0x00000028   Code   RO         3122    i.__0sprintf$3      mc_w.l(printf3.o)
    0x080034d0   0x080034d0   0x00000020   Code   RO         2169    i.__NVIC_SetPriority  stm32f1xx_hal_cortex.o
    0x080034f0   0x080034f0   0x00000008   Code   RO         3331    i.__aeabi_errno_addr  mc_w.l(errno.o)
    0x080034f8   0x080034f8   0x0000000c   Code   RO         3332    i.__read_errno      mc_w.l(errno.o)
    0x08003504   0x08003504   0x0000000e   Code   RO         3402    i.__scatterload_copy  mc_w.l(handlers.o)
    0x08003512   0x08003512   0x00000002   Code   RO         3403    i.__scatterload_null  mc_w.l(handlers.o)
    0x08003514   0x08003514   0x0000000e   Code   RO         3404    i.__scatterload_zeroinit  mc_w.l(handlers.o)
    0x08003522   0x08003522   0x00000002   PAD
    0x08003524   0x08003524   0x0000000c   Code   RO         3333    i.__set_errno       mc_w.l(errno.o)
    0x08003530   0x08003530   0x0000000e   Code   RO         3387    i._is_digit         mc_w.l(scanf_fp.o)
    0x0800353e   0x0800353e   0x00000002   PAD
    0x08003540   0x08003540   0x000001b8   Code   RO         3127    i._printf_core      mc_w.l(printf3.o)
    0x080036f8   0x080036f8   0x0000000a   Code   RO         3129    i._sputc            mc_w.l(printf3.o)
    0x08003702   0x08003702   0x0000002a   Code   RO         3013    i.atof              m_ws.l(atof.o)
    0x0800372c   0x0800372c   0x00000018   Code   RO          336    i.fputc             usart.o
    0x08003744   0x08003744   0x000000cc   Code   RO           23    i.main              main.o
    0x08003810   0x08003810   0x00000010   Data   RO         2979    .constdata          system_stm32f1xx.o
    0x08003820   0x08003820   0x00000008   Data   RO         2980    .constdata          system_stm32f1xx.o
    0x08003828   0x08003828   0x00000081   Data   RO         3358    .constdata          mc_w.l(ctype_o.o)
    0x080038a9   0x080038a9   0x00000003   PAD
    0x080038ac   0x080038ac   0x00000004   Data   RO         3359    .constdata          mc_w.l(ctype_o.o)
    0x080038b0   0x080038b0   0x00000020   Data   RO         3400    Region$$Table       anon$$obj.o


    Execution Region RW_IRAM1 (Exec base: 0x20000000, Load base: 0x080038d0, Size: 0x00000b18, Max: 0x00005000, ABSOLUTE)

    Exec Addr    Load Addr    Size         Type   Attr      Idx    E Section Name        Object

    0x20000000   0x080038d0   0x00000023   Data   RW           25    .data               main.o
    0x20000023   0x080038f3   0x00000001   Data   RW           26    .data               main.o
    0x20000024   0x080038f4   0x0000000c   Data   RW         1706    .data               stm32f1xx_hal.o
    0x20000030   0x08003900   0x00000004   Data   RW         2981    .data               system_stm32f1xx.o
    0x20000034   0x08003904   0x00000004   Data   RW         3026    .data               mc_w.l(strtok.o)
    0x20000038   0x08003908   0x00000004   Data   RW         3322    .data               mc_w.l(stdout.o)
    0x2000003c   0x0800390c   0x00000004   Data   RW         3334    .data               mc_w.l(errno.o)
    0x20000040        -       0x00000321   Zero   RW           24    .bss                main.o
    0x20000361   0x08003910   0x00000003   PAD
    0x20000364        -       0x00000090   Zero   RW          281    .bss                tim.o
    0x200003f4        -       0x00000258   Zero   RW          337    .bss                usart.o
    0x2000064c        -       0x000000c8   Zero   RW          563    .bss                bsp_laserdistance.o
    0x20000714   0x08003910   0x00000004   PAD
    0x20000718        -       0x00000400   Zero   RW            1    STACK               startup_stm32f103xb.o


==============================================================================

Image component sizes


      Code (inc. data)   RO Data    RW Data    ZI Data      Debug   Object Name

        40         14          0          0        200       1056   bsp_laserdistance.o
       408         26          0          0          0       2169   bsp_matrixkey.o
        62         14          0          0          0       1456   bsp_servo.o
       124          4          0          0          0        730   dma.o
       220         16          0          0          0        919   gpio.o
      1420        230          0         36        801     434459   main.o
        36          8        236          0       1024        768   startup_stm32f103xb.o
       164         28          0         12          0       5633   stm32f1xx_hal.o
       198         14          0          0          0      28743   stm32f1xx_hal_cortex.o
       808         36          0          0          0       4754   stm32f1xx_hal_dma.o
       500         34          0          0          0       3383   stm32f1xx_hal_gpio.o
        68         10          0          0          0        802   stm32f1xx_hal_msp.o
      1272        100          0          0          0       4996   stm32f1xx_hal_rcc.o
      1768         58          0          0          0      15102   stm32f1xx_hal_tim.o
       108         12          0          0          0       2241   stm32f1xx_hal_tim_ex.o
      1502         24          0          0          0      12403   stm32f1xx_hal_uart.o
       356        102          0          0          0       9434   stm32f1xx_it.o
         2          0         24          4          0       1019   system_stm32f1xx.o
       456         48          0          0        144       2825   tim.o
       852         64          0          0        600       3886   usart.o

    ----------------------------------------------------------------------
     10390        842        292         52       2776     536778   Object Totals
         0          0         32          0          0          0   (incl. Generated)
        26          0          0          0          7          0   (incl. Padding)

    ----------------------------------------------------------------------

      Code (inc. data)   RO Data    RW Data    ZI Data      Debug   Library Member Name

        42          0          0          0          0         84   atof.o
        28          0          0          0          0         68   _chval.o
        64          0          0          0          0         84   _sgetc.o
       158          0          0          0          0         92   _strtoul.o
        26          0          0          0          0         80   atoi.o
         8          4        133          0          0         68   ctype_o.o
         0          0          0          0          0          0   entry.o
         0          0          0          0          0          0   entry10a.o
         0          0          0          0          0          0   entry11a.o
         8          4          0          0          0          0   entry2.o
         4          0          0          0          0          0   entry5.o
         0          0          0          0          0          0   entry7b.o
         0          0          0          0          0          0   entry8b.o
         8          4          0          0          0          0   entry9a.o
        32         16          0          4          0        204   errno.o
        30          0          0          0          0          0   handlers.o
        36          8          0          0          0         68   init.o
        18          0          0          0          0         76   isspace_o.o
         0          0          0          0          0          0   iusefp.o
        30          0          0          0          0         68   llshl.o
        36          0          0          0          0         68   llsshr.o
        32          0          0          0          0         68   llushr.o
        36          0          0          0          0        108   memseta.o
       522         20          0          0          0        336   printf3.o
       878         12          0          0          0        216   scanf_fp.o
         0          0          0          4          0          0   stdout.o
        18          0          0          0          0         68   strcpy.o
       156         12          0          0          0        120   strtod.o
        68          6          0          4          0         80   strtok.o
       112          0          0          0          0         88   strtol.o
        44          0          0          0          0         80   uidiv.o
        56          0          0          0          0         88   d2f.o
       334          0          0          0          0        148   dadd.o
       222          0          0          0          0        100   ddiv.o
       186          0          0          0          0        176   depilogue.o
        62          0          0          0          0         80   dfixi.o
        34          0          0          0          0         76   dflti.o
        26          0          0          0          0         76   dfltui.o
        24          0          0          0          0         76   dfltul.o
       228          0          0          0          0         96   dmul.o
       110          0          0          0          0        168   fepilogue.o
        40          0          0          0          0         68   ffixui.o

    ----------------------------------------------------------------------
      3726         86        136         12          0       3276   Library Totals
        10          0          3          0          0          0   (incl. Padding)

    ----------------------------------------------------------------------

      Code (inc. data)   RO Data    RW Data    ZI Data      Debug   Library Name

        42          0          0          0          0         84   m_ws.l
      2352         86        133         12          0       2040   mc_w.l
      1322          0          0          0          0       1152   mf_w.l

    ----------------------------------------------------------------------
      3726         86        136         12          0       3276   Library Totals

    ----------------------------------------------------------------------

==============================================================================


      Code (inc. data)   RO Data    RW Data    ZI Data      Debug   

     14116        928        428         64       2776     532406   Grand Totals
     14116        928        428         64       2776     532406   ELF Image Totals
     14116        928        428         64          0          0   ROM Totals

==============================================================================

    Total RO  Size (Code + RO Data)                14544 (  14.20kB)
    Total RW  Size (RW Data + ZI Data)              2840 (   2.77kB)
    Total ROM Size (Code + RO Data + RW Data)      14608 (  14.27kB)

==============================================================================

